[2026-08-17T17:45:14.966+0000] {local_task_job_runner.py:123} INFO - ::group::Pre task execution logs
[2026-08-17T17:45:14.978+0000] {taskinstance.py:2613} INFO - Dependencies all met for dep_context=non-requeueable deps ti=<TaskInstance: weather_ingestion.produce_weather scheduled__2026-08-17T16:00:00+00:00 [queued]>
[2026-08-17T17:45:14.982+0000] {taskinstance.py:2613} INFO - Dependencies all met for dep_context=requeueable deps ti=<TaskInstance: weather_ingestion.produce_weather scheduled__2026-08-17T16:00:00+00:00 [queued]>
[2026-08-17T17:45:14.982+0000] {taskinstance.py:2866} INFO - Starting attempt 4 of 4
[2026-08-17T17:45:14.987+0000] {taskinstance.py:2889} INFO - Executing <Task(PythonOperator): produce_weather> on 2026-08-17 16:00:00+00:00
[2026-08-17T17:45:14.991+0000] {standard_task_runner.py:72} INFO - Started process 6022 to run task
[2026-08-17T17:45:14.993+0000] {standard_task_runner.py:104} INFO - Running: ['***', 'tasks', 'run', 'weather_ingestion', 'produce_weather', 'scheduled__2026-08-17T16:00:00+00:00', '--job-id', '44', '--raw', '--subdir', 'DAGS_FOLDER/weather_dag.py', '--cfg-path', '/tmp/tmp688308cu']
[2026-08-17T17:45:14.995+0000] {standard_task_runner.py:105} INFO - Job 44: Subtask produce_weather
[2026-08-17T17:45:15.034+0000] {task_command.py:467} INFO - Running <TaskInstance: weather_ingestion.produce_weather scheduled__2026-08-17T16:00:00+00:00 [running]> on host 827737eaffc5
[2026-08-17T17:45:15.098+0000] {taskinstance.py:3132} INFO - Exporting env vars: AIRFLOW_CTX_DAG_OWNER='***' AIRFLOW_CTX_DAG_ID='weather_ingestion' AIRFLOW_CTX_TASK_ID='produce_weather' AIRFLOW_CTX_EXECUTION_DATE='2026-08-17T16:00:00+00:00' AIRFLOW_CTX_TRY_NUMBER='4' AIRFLOW_CTX_DAG_RUN_ID='scheduled__2026-08-17T16:00:00+00:00'
[2026-08-17T17:45:15.098+0000] {taskinstance.py:731} INFO - ::endgroup::
[2026-08-17T17:45:16.697+0000] {logging_mixin.py:190} INFO - Fetched: {'city': 'Taipei', 'observed_at': '2026-08-17T17:45', 'temperature_c': 26.9, 'humidity_pct': 86, 'wind_speed_kmh': 14.1, 'weather_code': 0}
[2026-08-17T18:01:26.049+0000] {job.py:229} INFO - Heartbeat recovered after 929.55 seconds
[2026-08-17T18:19:04.845+0000] {job.py:229} INFO - Heartbeat recovered after 916.65 seconds
[2026-08-17T18:20:53.285+0000] {logging_mixin.py:190} INFO - Delivery failed: KafkaError{code=_MSG_TIMED_OUT,val=-192,str="Local: Message timed out"}
[2026-08-17T18:20:53.290+0000] {python.py:240} INFO - Done. Returned value was: None
[2026-08-17T18:20:53.330+0000] {taskinstance.py:340} INFO - ::group::Post task execution logs
[2026-08-17T18:20:53.332+0000] {taskinstance.py:352} INFO - Marking task as SUCCESS. dag_id=weather_ingestion, task_id=produce_weather, run_id=scheduled__2026-08-17T16:00:00+00:00, execution_date=20260817T160000, start_date=20260817T174514, end_date=20260817T182053
[2026-08-17T18:20:53.409+0000] {local_task_job_runner.py:266} INFO - Task exited with return code 0
[2026-08-17T18:20:53.458+0000] {taskinstance.py:3895} INFO - 1 downstream tasks scheduled from follow-on schedule check
[2026-08-17T18:20:53.461+0000] {local_task_job_runner.py:245} INFO - ::endgroup::
