[2026-08-18T01:17:53.515+0000] {local_task_job_runner.py:123} INFO - ::group::Pre task execution logs
[2026-08-18T01:17:53.522+0000] {taskinstance.py:2613} INFO - Dependencies all met for dep_context=non-requeueable deps ti=<TaskInstance: weather_ingestion.produce_weather scheduled__2026-08-18T00:00:00+00:00 [queued]>
[2026-08-18T01:17:53.525+0000] {taskinstance.py:2613} INFO - Dependencies all met for dep_context=requeueable deps ti=<TaskInstance: weather_ingestion.produce_weather scheduled__2026-08-18T00:00:00+00:00 [queued]>
[2026-08-18T01:17:53.525+0000] {taskinstance.py:2866} INFO - Starting attempt 2 of 4
[2026-08-18T01:17:53.529+0000] {taskinstance.py:2889} INFO - Executing <Task(PythonOperator): produce_weather> on 2026-08-18 00:00:00+00:00
[2026-08-18T01:17:53.531+0000] {standard_task_runner.py:72} INFO - Started process 8073 to run task
[2026-08-18T01:17:53.534+0000] {standard_task_runner.py:104} INFO - Running: ['***', 'tasks', 'run', 'weather_ingestion', 'produce_weather', 'scheduled__2026-08-18T00:00:00+00:00', '--job-id', '78', '--raw', '--subdir', 'DAGS_FOLDER/weather_dag.py', '--cfg-path', '/tmp/tmpru9buval']
[2026-08-18T01:17:53.537+0000] {standard_task_runner.py:105} INFO - Job 78: Subtask produce_weather
[2026-08-18T01:17:53.558+0000] {task_command.py:467} INFO - Running <TaskInstance: weather_ingestion.produce_weather scheduled__2026-08-18T00:00:00+00:00 [running]> on host 827737eaffc5
[2026-08-18T01:17:53.592+0000] {taskinstance.py:3132} INFO - Exporting env vars: AIRFLOW_CTX_DAG_OWNER='***' AIRFLOW_CTX_DAG_ID='weather_ingestion' AIRFLOW_CTX_TASK_ID='produce_weather' AIRFLOW_CTX_EXECUTION_DATE='2026-08-18T00:00:00+00:00' AIRFLOW_CTX_TRY_NUMBER='2' AIRFLOW_CTX_DAG_RUN_ID='scheduled__2026-08-18T00:00:00+00:00'
[2026-08-18T01:17:53.592+0000] {taskinstance.py:731} INFO - ::endgroup::
[2026-08-18T01:17:54.971+0000] {logging_mixin.py:190} INFO - Fetched: {'city': 'Taipei', 'observed_at': '2026-08-18T01:15', 'temperature_c': 30.7, 'humidity_pct': 72, 'wind_speed_kmh': 19.5, 'weather_code': 3}
[2026-08-18T01:18:28.362+0000] {job.py:229} INFO - Heartbeat recovered after 14.61 seconds
[2026-08-18T01:23:05.414+0000] {logging_mixin.py:190} INFO - Delivery failed: KafkaError{code=_MSG_TIMED_OUT,val=-192,str="Local: Message timed out"}
[2026-08-18T01:23:05.424+0000] {python.py:240} INFO - Done. Returned value was: None
[2026-08-18T01:23:05.476+0000] {taskinstance.py:340} INFO - ::group::Post task execution logs
[2026-08-18T01:23:05.478+0000] {taskinstance.py:352} INFO - Marking task as SUCCESS. dag_id=weather_ingestion, task_id=produce_weather, run_id=scheduled__2026-08-18T00:00:00+00:00, execution_date=20260818T000000, start_date=20260818T011753, end_date=20260818T012305
[2026-08-18T01:23:05.554+0000] {local_task_job_runner.py:266} INFO - Task exited with return code 0
[2026-08-18T01:23:05.580+0000] {taskinstance.py:3895} INFO - 1 downstream tasks scheduled from follow-on schedule check
[2026-08-18T01:23:05.582+0000] {local_task_job_runner.py:245} INFO - ::endgroup::
