[2026-08-17T08:21:46.041+0000] {local_task_job_runner.py:123} INFO - ::group::Pre task execution logs
[2026-08-17T08:21:46.050+0000] {taskinstance.py:2613} INFO - Dependencies all met for dep_context=non-requeueable deps ti=<TaskInstance: weather_ingestion.produce_weather manual__2026-08-17T08:21:44.896765+00:00 [queued]>
[2026-08-17T08:21:46.053+0000] {taskinstance.py:2613} INFO - Dependencies all met for dep_context=requeueable deps ti=<TaskInstance: weather_ingestion.produce_weather manual__2026-08-17T08:21:44.896765+00:00 [queued]>
[2026-08-17T08:21:46.053+0000] {taskinstance.py:2866} INFO - Starting attempt 1 of 4
[2026-08-17T08:21:46.057+0000] {taskinstance.py:2889} INFO - Executing <Task(PythonOperator): produce_weather> on 2026-08-17 08:21:44.896765+00:00
[2026-08-17T08:21:46.062+0000] {standard_task_runner.py:104} INFO - Running: ['***', 'tasks', 'run', 'weather_ingestion', 'produce_weather', 'manual__2026-08-17T08:21:44.896765+00:00', '--job-id', '3', '--raw', '--subdir', 'DAGS_FOLDER/weather_dag.py', '--cfg-path', '/tmp/tmpvw3cx83r']
[2026-08-17T08:21:46.060+0000] {standard_task_runner.py:72} INFO - Started process 722 to run task
[2026-08-17T08:21:46.064+0000] {standard_task_runner.py:105} INFO - Job 3: Subtask produce_weather
[2026-08-17T08:21:46.095+0000] {task_command.py:467} INFO - Running <TaskInstance: weather_ingestion.produce_weather manual__2026-08-17T08:21:44.896765+00:00 [running]> on host 827737eaffc5
[2026-08-17T08:21:46.130+0000] {taskinstance.py:3132} INFO - Exporting env vars: AIRFLOW_CTX_DAG_OWNER='***' AIRFLOW_CTX_DAG_ID='weather_ingestion' AIRFLOW_CTX_TASK_ID='produce_weather' AIRFLOW_CTX_EXECUTION_DATE='2026-08-17T08:21:44.896765+00:00' AIRFLOW_CTX_TRY_NUMBER='1' AIRFLOW_CTX_DAG_RUN_ID='manual__2026-08-17T08:21:44.896765+00:00'
[2026-08-17T08:21:46.130+0000] {taskinstance.py:731} INFO - ::endgroup::
[2026-08-17T08:21:47.468+0000] {logging_mixin.py:190} INFO - Fetched: {'city': 'Taipei', 'observed_at': '2026-08-17T08:15', 'temperature_c': 31.4, 'humidity_pct': 68, 'wind_speed_kmh': 19.2, 'weather_code': 0}
[2026-08-17T08:40:30.424+0000] {job.py:229} INFO - Heartbeat recovered after 936.60 seconds
[2026-08-17T08:51:01.004+0000] {job.py:229} INFO - Heartbeat recovered after 573.21 seconds
[2026-08-17T08:51:47.597+0000] {logging_mixin.py:190} INFO - Delivery failed: KafkaError{code=_MSG_TIMED_OUT,val=-192,str="Local: Message timed out"}
[2026-08-17T08:51:47.602+0000] {python.py:240} INFO - Done. Returned value was: None
[2026-08-17T08:51:47.636+0000] {taskinstance.py:340} INFO - ::group::Post task execution logs
[2026-08-17T08:51:47.637+0000] {taskinstance.py:352} INFO - Marking task as SUCCESS. dag_id=weather_ingestion, task_id=produce_weather, run_id=manual__2026-08-17T08:21:44.896765+00:00, execution_date=20260817T082144, start_date=20260817T082146, end_date=20260817T085147
[2026-08-17T08:51:47.715+0000] {local_task_job_runner.py:266} INFO - Task exited with return code 0
[2026-08-17T08:51:47.733+0000] {taskinstance.py:3895} INFO - 1 downstream tasks scheduled from follow-on schedule check
[2026-08-17T08:51:47.734+0000] {local_task_job_runner.py:245} INFO - ::endgroup::
