[2026-08-17T11:31:38.270+0000] {local_task_job_runner.py:123} INFO - ::group::Pre task execution logs
[2026-08-17T11:31:38.278+0000] {taskinstance.py:2613} INFO - Dependencies all met for dep_context=non-requeueable deps ti=<TaskInstance: weather_ingestion.produce_weather scheduled__2026-08-17T10:00:00+00:00 [queued]>
[2026-08-17T11:31:38.281+0000] {taskinstance.py:2613} INFO - Dependencies all met for dep_context=requeueable deps ti=<TaskInstance: weather_ingestion.produce_weather scheduled__2026-08-17T10:00:00+00:00 [queued]>
[2026-08-17T11:31:38.281+0000] {taskinstance.py:2866} INFO - Starting attempt 2 of 4
[2026-08-17T11:31:38.286+0000] {taskinstance.py:2889} INFO - Executing <Task(PythonOperator): produce_weather> on 2026-08-17 10:00:00+00:00
[2026-08-17T11:31:38.289+0000] {standard_task_runner.py:72} INFO - Started process 3307 to run task
[2026-08-17T11:31:38.292+0000] {standard_task_runner.py:104} INFO - Running: ['***', 'tasks', 'run', 'weather_ingestion', 'produce_weather', 'scheduled__2026-08-17T10:00:00+00:00', '--job-id', '18', '--raw', '--subdir', 'DAGS_FOLDER/weather_dag.py', '--cfg-path', '/tmp/tmpxmrw5v5r']
[2026-08-17T11:31:38.294+0000] {standard_task_runner.py:105} INFO - Job 18: Subtask produce_weather
[2026-08-17T11:31:38.317+0000] {task_command.py:467} INFO - Running <TaskInstance: weather_ingestion.produce_weather scheduled__2026-08-17T10:00:00+00:00 [running]> on host 827737eaffc5
[2026-08-17T11:31:38.356+0000] {taskinstance.py:3132} INFO - Exporting env vars: AIRFLOW_CTX_DAG_OWNER='***' AIRFLOW_CTX_DAG_ID='weather_ingestion' AIRFLOW_CTX_TASK_ID='produce_weather' AIRFLOW_CTX_EXECUTION_DATE='2026-08-17T10:00:00+00:00' AIRFLOW_CTX_TRY_NUMBER='2' AIRFLOW_CTX_DAG_RUN_ID='scheduled__2026-08-17T10:00:00+00:00'
[2026-08-17T11:31:38.356+0000] {taskinstance.py:731} INFO - ::endgroup::
[2026-08-17T11:31:50.925+0000] {logging_mixin.py:190} INFO - Fetched: {'city': 'Taipei', 'observed_at': '2026-08-17T11:30', 'temperature_c': 28.3, 'humidity_pct': 84, 'wind_speed_kmh': 14.3, 'weather_code': 0}
[2026-08-17T11:48:41.853+0000] {job.py:229} INFO - Heartbeat recovered after 907.02 seconds
[2026-08-17T12:06:48.941+0000] {job.py:229} INFO - Heartbeat recovered after 940.35 seconds
[2026-08-17T12:07:28.590+0000] {logging_mixin.py:190} INFO - Delivery failed: KafkaError{code=_MSG_TIMED_OUT,val=-192,str="Local: Message timed out"}
[2026-08-17T12:07:28.601+0000] {python.py:240} INFO - Done. Returned value was: None
[2026-08-17T12:07:28.679+0000] {taskinstance.py:340} INFO - ::group::Post task execution logs
[2026-08-17T12:07:28.680+0000] {taskinstance.py:352} INFO - Marking task as SUCCESS. dag_id=weather_ingestion, task_id=produce_weather, run_id=scheduled__2026-08-17T10:00:00+00:00, execution_date=20260817T100000, start_date=20260817T113138, end_date=20260817T120728
[2026-08-17T12:07:28.718+0000] {local_task_job_runner.py:266} INFO - Task exited with return code 0
[2026-08-17T12:07:28.743+0000] {taskinstance.py:3895} INFO - 1 downstream tasks scheduled from follow-on schedule check
[2026-08-17T12:07:28.744+0000] {local_task_job_runner.py:245} INFO - ::endgroup::
