[2026-08-17T20:31:43.757+0000] {local_task_job_runner.py:123} INFO - ::group::Pre task execution logs
[2026-08-17T20:31:43.764+0000] {taskinstance.py:2613} INFO - Dependencies all met for dep_context=non-requeueable deps ti=<TaskInstance: weather_ingestion.produce_weather scheduled__2026-08-17T19:00:00+00:00 [queued]>
[2026-08-17T20:31:43.767+0000] {taskinstance.py:2613} INFO - Dependencies all met for dep_context=requeueable deps ti=<TaskInstance: weather_ingestion.produce_weather scheduled__2026-08-17T19:00:00+00:00 [queued]>
[2026-08-17T20:31:43.767+0000] {taskinstance.py:2866} INFO - Starting attempt 4 of 4
[2026-08-17T20:31:43.771+0000] {taskinstance.py:2889} INFO - Executing <Task(PythonOperator): produce_weather> on 2026-08-17 19:00:00+00:00
[2026-08-17T20:31:43.774+0000] {standard_task_runner.py:72} INFO - Started process 7135 to run task
[2026-08-17T20:31:43.777+0000] {standard_task_runner.py:104} INFO - Running: ['***', 'tasks', 'run', 'weather_ingestion', 'produce_weather', 'scheduled__2026-08-17T19:00:00+00:00', '--job-id', '59', '--raw', '--subdir', 'DAGS_FOLDER/weather_dag.py', '--cfg-path', '/tmp/tmp9vssx7oy']
[2026-08-17T20:31:43.779+0000] {standard_task_runner.py:105} INFO - Job 59: Subtask produce_weather
[2026-08-17T20:31:43.826+0000] {task_command.py:467} INFO - Running <TaskInstance: weather_ingestion.produce_weather scheduled__2026-08-17T19:00:00+00:00 [running]> on host 827737eaffc5
[2026-08-17T20:31:43.872+0000] {taskinstance.py:3132} INFO - Exporting env vars: AIRFLOW_CTX_DAG_OWNER='***' AIRFLOW_CTX_DAG_ID='weather_ingestion' AIRFLOW_CTX_TASK_ID='produce_weather' AIRFLOW_CTX_EXECUTION_DATE='2026-08-17T19:00:00+00:00' AIRFLOW_CTX_TRY_NUMBER='4' AIRFLOW_CTX_DAG_RUN_ID='scheduled__2026-08-17T19:00:00+00:00'
[2026-08-17T20:31:43.873+0000] {taskinstance.py:731} INFO - ::endgroup::
[2026-08-17T20:31:45.423+0000] {logging_mixin.py:190} INFO - Fetched: {'city': 'Taipei', 'observed_at': '2026-08-17T20:30', 'temperature_c': 26.8, 'humidity_pct': 88, 'wind_speed_kmh': 12.8, 'weather_code': 1}
[2026-08-17T20:47:36.303+0000] {job.py:229} INFO - Heartbeat recovered after 932.22 seconds
[2026-08-17T21:06:39.638+0000] {job.py:229} INFO - Heartbeat recovered after 1032.28 seconds
[2026-08-17T21:06:49.973+0000] {local_task_job_runner.py:346} WARNING - State of this instance has been externally set to failed. Terminating instance.
[2026-08-17T21:06:49.974+0000] {local_task_job_runner.py:245} INFO - ::endgroup::
[2026-08-17T21:06:49.976+0000] {process_utils.py:132} INFO - Sending 15 to group 7135. PIDs of all processes in the group: [7135]
[2026-08-17T21:06:49.976+0000] {process_utils.py:87} INFO - Sending the signal 15 to group 7135
[2026-08-17T21:06:50.058+0000] {taskinstance.py:3093} ERROR - Received SIGTERM. Terminating subprocesses.
[2026-08-17T21:06:50.108+0000] {taskinstance.py:340} INFO - ::group::Post task execution logs
[2026-08-17T21:06:50.161+0000] {process_utils.py:80} INFO - Process psutil.Process(pid=7135, status='terminated', exitcode=0, started='20:31:42') (7135) terminated with exit code 0
