[2026-08-08T13:11:42.183+0000] {local_task_job_runner.py:123} INFO - ::group::Pre task execution logs
[2026-08-08T13:11:42.190+0000] {taskinstance.py:2613} INFO - Dependencies all met for dep_context=non-requeueable deps ti=<TaskInstance: weather_ingestion.fetch_and_load_weather scheduled__2026-08-08T12:00:00+00:00 [queued]>
[2026-08-08T13:11:42.193+0000] {taskinstance.py:2613} INFO - Dependencies all met for dep_context=requeueable deps ti=<TaskInstance: weather_ingestion.fetch_and_load_weather scheduled__2026-08-08T12:00:00+00:00 [queued]>
[2026-08-08T13:11:42.193+0000] {taskinstance.py:2866} INFO - Starting attempt 1 of 4
[2026-08-08T13:11:42.198+0000] {taskinstance.py:2889} INFO - Executing <Task(PythonOperator): fetch_and_load_weather> on 2026-08-08 12:00:00+00:00
[2026-08-08T13:11:42.201+0000] {standard_task_runner.py:72} INFO - Started process 17066 to run task
[2026-08-08T13:11:42.203+0000] {standard_task_runner.py:104} INFO - Running: ['***', 'tasks', 'run', 'weather_ingestion', 'fetch_and_load_weather', 'scheduled__2026-08-08T12:00:00+00:00', '--job-id', '181', '--raw', '--subdir', 'DAGS_FOLDER/weather_dag.py', '--cfg-path', '/tmp/tmptf_hxaic']
[2026-08-08T13:11:42.204+0000] {standard_task_runner.py:105} INFO - Job 181: Subtask fetch_and_load_weather
[2026-08-08T13:11:42.229+0000] {task_command.py:467} INFO - Running <TaskInstance: weather_ingestion.fetch_and_load_weather scheduled__2026-08-08T12:00:00+00:00 [running]> on host 07b2ac4f29fb
[2026-08-08T13:11:42.365+0000] {taskinstance.py:3132} INFO - Exporting env vars: AIRFLOW_CTX_DAG_OWNER='***' AIRFLOW_CTX_DAG_ID='weather_ingestion' AIRFLOW_CTX_TASK_ID='fetch_and_load_weather' AIRFLOW_CTX_EXECUTION_DATE='2026-08-08T12:00:00+00:00' AIRFLOW_CTX_TRY_NUMBER='1' AIRFLOW_CTX_DAG_RUN_ID='scheduled__2026-08-08T12:00:00+00:00'
[2026-08-08T13:11:42.366+0000] {taskinstance.py:731} INFO - ::endgroup::
[2026-08-08T13:11:50.017+0000] {logging_mixin.py:190} INFO - Fetched: {'city': 'Taipei', 'observed_at': '2026-08-08T13:00', 'temperature_c': 23.9, 'humidity_pct': 96, 'wind_speed_kmh': 13.4, 'weather_code': 81}
[2026-08-08T13:11:50.019+0000] {connection.py:414} INFO - Snowflake Connector for Python Version: 3.12.4, Python Version: 3.11.11, Platform: Linux-6.10.14-linuxkit-aarch64-with-glibc2.36
[2026-08-08T13:11:50.020+0000] {connection.py:1197} INFO - Connecting to GLOBAL Snowflake domain
[2026-08-08T13:11:50.021+0000] {connection.py:1278} INFO - This connection is in OCSP Fail Open Mode. TLS Certificates would be checked for validity and revocation status. Any other Certificate Revocation related exceptions or OCSP Responder failures would be disregarded in favor of connectivity.
[2026-08-08T13:11:52.660+0000] {cursor.py:1166} INFO - Number of results in first chunk: 1
[2026-08-08T13:11:52.662+0000] {logging_mixin.py:190} INFO - Inserted reading for Taipei at 2026-08-08T13:00
[2026-08-08T13:11:52.662+0000] {connection.py:789} INFO - closed
[2026-08-08T13:11:52.731+0000] {connection.py:795} INFO - No async queries seem to be running, deleting session
[2026-08-08T13:11:52.804+0000] {python.py:240} INFO - Done. Returned value was: None
[2026-08-08T13:11:52.815+0000] {taskinstance.py:340} INFO - ::group::Post task execution logs
[2026-08-08T13:11:52.815+0000] {taskinstance.py:352} INFO - Marking task as SUCCESS. dag_id=weather_ingestion, task_id=fetch_and_load_weather, run_id=scheduled__2026-08-08T12:00:00+00:00, execution_date=20260808T120000, start_date=20260808T131142, end_date=20260808T131152
[2026-08-08T13:11:52.872+0000] {local_task_job_runner.py:266} INFO - Task exited with return code 0
[2026-08-08T13:11:52.883+0000] {taskinstance.py:3895} INFO - 0 downstream tasks scheduled from follow-on schedule check
[2026-08-08T13:11:52.883+0000] {local_task_job_runner.py:245} INFO - ::endgroup::
