[2026-08-14T00:31:56.684+0000] {local_task_job_runner.py:123} INFO - ::group::Pre task execution logs
[2026-08-14T00:31:56.691+0000] {taskinstance.py:2613} INFO - Dependencies all met for dep_context=non-requeueable deps ti=<TaskInstance: weather_ingestion.transform_weather scheduled__2026-08-13T23:00:00+00:00 [queued]>
[2026-08-14T00:31:56.693+0000] {taskinstance.py:2613} INFO - Dependencies all met for dep_context=requeueable deps ti=<TaskInstance: weather_ingestion.transform_weather scheduled__2026-08-13T23:00:00+00:00 [queued]>
[2026-08-14T00:31:56.694+0000] {taskinstance.py:2866} INFO - Starting attempt 1 of 4
[2026-08-14T00:31:56.698+0000] {taskinstance.py:2889} INFO - Executing <Task(PythonOperator): transform_weather> on 2026-08-13 23:00:00+00:00
[2026-08-14T00:31:56.700+0000] {standard_task_runner.py:72} INFO - Started process 11341 to run task
[2026-08-14T00:31:56.702+0000] {standard_task_runner.py:104} INFO - Running: ['***', 'tasks', 'run', 'weather_ingestion', 'transform_weather', 'scheduled__2026-08-13T23:00:00+00:00', '--job-id', '519', '--raw', '--subdir', 'DAGS_FOLDER/weather_dag.py', '--cfg-path', '/tmp/tmpg3wv342y']
[2026-08-14T00:31:56.704+0000] {standard_task_runner.py:105} INFO - Job 519: Subtask transform_weather
[2026-08-14T00:31:56.733+0000] {task_command.py:467} INFO - Running <TaskInstance: weather_ingestion.transform_weather scheduled__2026-08-13T23:00:00+00:00 [running]> on host e3cd9dc09b95
[2026-08-14T00:31:56.769+0000] {taskinstance.py:3132} INFO - Exporting env vars: AIRFLOW_CTX_DAG_OWNER='***' AIRFLOW_CTX_DAG_ID='weather_ingestion' AIRFLOW_CTX_TASK_ID='transform_weather' AIRFLOW_CTX_EXECUTION_DATE='2026-08-13T23:00:00+00:00' AIRFLOW_CTX_TRY_NUMBER='1' AIRFLOW_CTX_DAG_RUN_ID='scheduled__2026-08-13T23:00:00+00:00'
[2026-08-14T00:31:56.769+0000] {taskinstance.py:731} INFO - ::endgroup::
[2026-08-14T00:49:41.531+0000] {job.py:229} INFO - Heartbeat recovered after 1059.78 seconds
[2026-08-14T00:50:13.614+0000] {logging_mixin.py:190} INFO - Raw row count: 178
[2026-08-14T00:50:16.160+0000] {logging_mixin.py:190} INFO - After dedup: 175
[2026-08-14T00:50:16.892+0000] {local_task_job_runner.py:346} WARNING - State of this instance has been externally set to up_for_retry. Terminating instance.
[2026-08-14T00:50:16.894+0000] {local_task_job_runner.py:245} INFO - ::endgroup::
[2026-08-14T00:50:16.896+0000] {process_utils.py:132} INFO - Sending 15 to group 11341. PIDs of all processes in the group: [11343, 11341]
[2026-08-14T00:50:16.897+0000] {process_utils.py:87} INFO - Sending the signal 15 to group 11341
[2026-08-14T00:50:16.897+0000] {taskinstance.py:3093} ERROR - Received SIGTERM. Terminating subprocesses.
[2026-08-14T00:50:16.932+0000] {taskinstance.py:3311} ERROR - Task failed with exception
Traceback (most recent call last):
  File "/home/airflow/.local/lib/python3.11/site-packages/airflow/models/taskinstance.py", line 767, in _execute_task
    result = _execute_callable(context=context, **execute_callable_kwargs)
             ^^^^^^^^^^^^^^^^^^^^^^^^^^^^^^^^^^^^^^^^^^^^^^^^^^^^^^^^^^^^^
  File "/home/airflow/.local/lib/python3.11/site-packages/airflow/models/taskinstance.py", line 733, in _execute_callable
    return ExecutionCallableRunner(
           ^^^^^^^^^^^^^^^^^^^^^^^^
  File "/home/airflow/.local/lib/python3.11/site-packages/airflow/utils/operator_helpers.py", line 252, in run
    return self.func(*args, **kwargs)
           ^^^^^^^^^^^^^^^^^^^^^^^^^^
  File "/home/airflow/.local/lib/python3.11/site-packages/airflow/models/baseoperator.py", line 422, in wrapper
    return func(self, *args, **kwargs)
           ^^^^^^^^^^^^^^^^^^^^^^^^^^^
  File "/home/airflow/.local/lib/python3.11/site-packages/airflow/operators/python.py", line 238, in execute
    return_value = self.execute_callable()
                   ^^^^^^^^^^^^^^^^^^^^^^^
  File "/home/airflow/.local/lib/python3.11/site-packages/airflow/operators/python.py", line 256, in execute_callable
    return runner.run(*self.op_args, **self.op_kwargs)
           ^^^^^^^^^^^^^^^^^^^^^^^^^^^^^^^^^^^^^^^^^^^
  File "/home/airflow/.local/lib/python3.11/site-packages/airflow/utils/operator_helpers.py", line 252, in run
    return self.func(*args, **kwargs)
           ^^^^^^^^^^^^^^^^^^^^^^^^^^
  File "/opt/airflow/dags/weather_dag.py", line 24, in run_transform
    transform_main()
  File "/opt/airflow/spark/scripts/transform_weather.py", line 92, in main
    final_df.orderBy("CITY", "OBSERVED_AT").show(10, truncate=False)
  File "/home/airflow/.local/lib/python3.11/site-packages/pyspark/sql/classic/dataframe.py", line 301, in show
    print(self._show_string(n, truncate, vertical))
          ^^^^^^^^^^^^^^^^^^^^^^^^^^^^^^^^^^^^^^^^
  File "/home/airflow/.local/lib/python3.11/site-packages/pyspark/sql/classic/dataframe.py", line 341, in _show_string
    return self._jdf.showString(n, int_truncate, vertical)
           ^^^^^^^^^^^^^^^^^^^^^^^^^^^^^^^^^^^^^^^^^^^^^^^
  File "/home/airflow/.local/lib/python3.11/site-packages/py4j/java_gateway.py", line 1361, in __call__
    answer = self.gateway_client.send_command(command)
             ^^^^^^^^^^^^^^^^^^^^^^^^^^^^^^^^^^^^^^^^^
  File "/home/airflow/.local/lib/python3.11/site-packages/py4j/java_gateway.py", line 1038, in send_command
    response = connection.send_command(command)
               ^^^^^^^^^^^^^^^^^^^^^^^^^^^^^^^^
  File "/home/airflow/.local/lib/python3.11/site-packages/py4j/clientserver.py", line 535, in send_command
    answer = smart_decode(self.stream.readline()[:-1])
                          ^^^^^^^^^^^^^^^^^^^^^^
  File "/usr/local/lib/python3.11/socket.py", line 718, in readinto
    return self._sock.recv_into(b)
           ^^^^^^^^^^^^^^^^^^^^^^^
  File "/home/airflow/.local/lib/python3.11/site-packages/airflow/models/taskinstance.py", line 3095, in signal_handler
    raise AirflowTaskTerminated("Task received SIGTERM signal")
airflow.exceptions.AirflowTaskTerminated: Task received SIGTERM signal
[2026-08-14T00:50:16.946+0000] {taskinstance.py:1225} INFO - Marking task as UP_FOR_RETRY. dag_id=weather_ingestion, task_id=transform_weather, run_id=scheduled__2026-08-13T23:00:00+00:00, execution_date=20260813T230000, start_date=20260814T003156, end_date=20260814T005016
[2026-08-14T00:50:16.957+0000] {taskinstance.py:340} INFO - ::group::Post task execution logs
[2026-08-14T00:50:17.414+0000] {process_utils.py:80} INFO - Process psutil.Process(pid=11341, status='terminated', exitcode=2, started='00:31:56') (11341) terminated with exit code 2
[2026-08-14T00:50:17.563+0000] {process_utils.py:80} INFO - Process psutil.Process(pid=11343, status='terminated', started='00:31:56') (11343) terminated with exit code None
