[2026-08-14T13:32:08.663+0000] {local_task_job_runner.py:123} INFO - ::group::Pre task execution logs
[2026-08-14T13:32:08.675+0000] {taskinstance.py:2613} INFO - Dependencies all met for dep_context=non-requeueable deps ti=<TaskInstance: weather_ingestion.transform_weather scheduled__2026-08-14T12:00:00+00:00 [queued]>
[2026-08-14T13:32:08.679+0000] {taskinstance.py:2613} INFO - Dependencies all met for dep_context=requeueable deps ti=<TaskInstance: weather_ingestion.transform_weather scheduled__2026-08-14T12:00:00+00:00 [queued]>
[2026-08-14T13:32:08.679+0000] {taskinstance.py:2866} INFO - Starting attempt 1 of 4
[2026-08-14T13:32:08.687+0000] {taskinstance.py:2889} INFO - Executing <Task(PythonOperator): transform_weather> on 2026-08-14 12:00:00+00:00
[2026-08-14T13:32:08.690+0000] {standard_task_runner.py:72} INFO - Started process 21451 to run task
[2026-08-14T13:32:08.692+0000] {standard_task_runner.py:104} INFO - Running: ['***', 'tasks', 'run', 'weather_ingestion', 'transform_weather', 'scheduled__2026-08-14T12:00:00+00:00', '--job-id', '563', '--raw', '--subdir', 'DAGS_FOLDER/weather_dag.py', '--cfg-path', '/tmp/tmpb_jyyd84']
[2026-08-14T13:32:08.696+0000] {standard_task_runner.py:105} INFO - Job 563: Subtask transform_weather
[2026-08-14T13:32:08.734+0000] {task_command.py:467} INFO - Running <TaskInstance: weather_ingestion.transform_weather scheduled__2026-08-14T12:00:00+00:00 [running]> on host e3cd9dc09b95
[2026-08-14T13:32:08.791+0000] {taskinstance.py:3132} INFO - Exporting env vars: AIRFLOW_CTX_DAG_OWNER='***' AIRFLOW_CTX_DAG_ID='weather_ingestion' AIRFLOW_CTX_TASK_ID='transform_weather' AIRFLOW_CTX_EXECUTION_DATE='2026-08-14T12:00:00+00:00' AIRFLOW_CTX_TRY_NUMBER='1' AIRFLOW_CTX_DAG_RUN_ID='scheduled__2026-08-14T12:00:00+00:00'
[2026-08-14T13:32:08.791+0000] {taskinstance.py:731} INFO - ::endgroup::
[2026-08-14T13:32:15.881+0000] {logging_mixin.py:190} INFO - Raw row count: 190
[2026-08-14T13:32:17.347+0000] {logging_mixin.py:190} INFO - After dedup: 187
[2026-08-14T13:32:18.154+0000] {logging_mixin.py:190} INFO - +------+-------------------+-------------+------------+--------------+------------+-----------------------+-------------------+------------------+
|CITY  |OBSERVED_AT        |TEMPERATURE_C|HUMIDITY_PCT|WIND_SPEED_KMH|WEATHER_CODE|INGESTED_AT            |WEATHER_DESCRIPTION|TEMP_ROLLING_AVG_C|
+------+-------------------+-------------+------------+--------------+------------+-----------------------+-------------------+------------------+
|Taipei|2026-08-04 09:30:00|31.9         |57.0        |16.6          |1           |2026-08-04 02:39:47.132|Mainly clear       |31.9              |
|Taipei|2026-08-05 09:45:00|31.6         |64.0        |11.8          |0           |2026-08-05 02:54:09.561|Clear sky          |31.75             |
|Taipei|2026-08-05 15:15:00|28.2         |86.0        |5.5           |0           |2026-08-05 08:18:05.871|Clear sky          |30.57             |
|Taipei|2026-08-05 17:30:00|27.2         |95.0        |2.7           |0           |2026-08-05 10:33:00.429|Clear sky          |29.0              |
|Taipei|2026-08-05 19:00:00|26.4         |99.0        |0.6           |1           |2026-08-05 12:06:27.341|Mainly clear       |27.27             |
|Taipei|2026-08-05 20:00:00|26.2         |100.0       |1.4           |3           |2026-08-05 13:11:37.509|Overcast           |26.6              |
|Taipei|2026-08-06 00:15:00|30.4         |74.0        |1.0           |1           |2026-08-05 17:15:36.953|Mainly clear       |27.67             |
|Taipei|2026-08-06 01:00:00|31.3         |69.0        |4.7           |0           |2026-08-05 18:12:43.689|Clear sky          |29.3              |
|Taipei|2026-08-06 02:00:00|32.5         |63.0        |6.0           |51          |2026-08-05 19:05:04.367|Light drizzle      |31.4              |
|Taipei|2026-08-06 03:00:00|33.2         |59.0        |8.0           |51          |2026-08-05 20:05:05.125|Light drizzle      |32.33             |
+------+-------------------+-------------+------------+--------------+------------+-----------------------+-------------------+------------------+
only showing top 10 rows
[2026-08-14T13:32:21.435+0000] {logging_mixin.py:190} INFO - Write complete.
[2026-08-14T13:32:22.054+0000] {python.py:240} INFO - Done. Returned value was: None
[2026-08-14T13:32:22.097+0000] {taskinstance.py:340} INFO - ::group::Post task execution logs
[2026-08-14T13:32:22.098+0000] {taskinstance.py:352} INFO - Marking task as SUCCESS. dag_id=weather_ingestion, task_id=transform_weather, run_id=scheduled__2026-08-14T12:00:00+00:00, execution_date=20260814T120000, start_date=20260814T133208, end_date=20260814T133222
[2026-08-14T13:32:22.186+0000] {local_task_job_runner.py:266} INFO - Task exited with return code 0
[2026-08-14T13:32:22.200+0000] {taskinstance.py:3895} INFO - 0 downstream tasks scheduled from follow-on schedule check
[2026-08-14T13:32:22.201+0000] {local_task_job_runner.py:245} INFO - ::endgroup::
