[2026-08-17T10:02:03.077+0000] {local_task_job_runner.py:123} INFO - ::group::Pre task execution logs
[2026-08-17T10:02:03.084+0000] {taskinstance.py:2613} INFO - Dependencies all met for dep_context=non-requeueable deps ti=<TaskInstance: weather_ingestion.produce_weather scheduled__2026-08-17T09:00:00+00:00 [queued]>
[2026-08-17T10:02:03.087+0000] {taskinstance.py:2613} INFO - Dependencies all met for dep_context=requeueable deps ti=<TaskInstance: weather_ingestion.produce_weather scheduled__2026-08-17T09:00:00+00:00 [queued]>
[2026-08-17T10:02:03.087+0000] {taskinstance.py:2866} INFO - Starting attempt 2 of 4
[2026-08-17T10:02:03.092+0000] {taskinstance.py:2889} INFO - Executing <Task(PythonOperator): produce_weather> on 2026-08-17 09:00:00+00:00
[2026-08-17T10:02:03.095+0000] {standard_task_runner.py:72} INFO - Started process 2757 to run task
[2026-08-17T10:02:03.097+0000] {standard_task_runner.py:104} INFO - Running: ['***', 'tasks', 'run', 'weather_ingestion', 'produce_weather', 'scheduled__2026-08-17T09:00:00+00:00', '--job-id', '14', '--raw', '--subdir', 'DAGS_FOLDER/weather_dag.py', '--cfg-path', '/tmp/tmp0ktc4sj5']
[2026-08-17T10:02:03.100+0000] {standard_task_runner.py:105} INFO - Job 14: Subtask produce_weather
[2026-08-17T10:02:03.133+0000] {task_command.py:467} INFO - Running <TaskInstance: weather_ingestion.produce_weather scheduled__2026-08-17T09:00:00+00:00 [running]> on host 827737eaffc5
[2026-08-17T10:02:03.190+0000] {taskinstance.py:3132} INFO - Exporting env vars: AIRFLOW_CTX_DAG_OWNER='***' AIRFLOW_CTX_DAG_ID='weather_ingestion' AIRFLOW_CTX_TASK_ID='produce_weather' AIRFLOW_CTX_EXECUTION_DATE='2026-08-17T09:00:00+00:00' AIRFLOW_CTX_TRY_NUMBER='2' AIRFLOW_CTX_DAG_RUN_ID='scheduled__2026-08-17T09:00:00+00:00'
[2026-08-17T10:02:03.191+0000] {taskinstance.py:731} INFO - ::endgroup::
[2026-08-17T10:02:04.803+0000] {logging_mixin.py:190} INFO - Fetched: {'city': 'Taipei', 'observed_at': '2026-08-17T10:00', 'temperature_c': 29.6, 'humidity_pct': 76, 'wind_speed_kmh': 14.6, 'weather_code': 0}
[2026-08-17T10:21:28.693+0000] {job.py:229} INFO - Heartbeat recovered after 902.93 seconds
[2026-08-17T10:22:02.734+0000] {logging_mixin.py:190} INFO - Delivery failed: KafkaError{code=_MSG_TIMED_OUT,val=-192,str="Local: Message timed out"}
[2026-08-17T10:22:02.741+0000] {python.py:240} INFO - Done. Returned value was: None
[2026-08-17T10:22:02.790+0000] {taskinstance.py:340} INFO - ::group::Post task execution logs
[2026-08-17T10:22:02.792+0000] {taskinstance.py:352} INFO - Marking task as SUCCESS. dag_id=weather_ingestion, task_id=produce_weather, run_id=scheduled__2026-08-17T09:00:00+00:00, execution_date=20260817T090000, start_date=20260817T100203, end_date=20260817T102202
[2026-08-17T10:22:02.835+0000] {local_task_job_runner.py:266} INFO - Task exited with return code 0
[2026-08-17T10:22:02.879+0000] {taskinstance.py:3895} INFO - 1 downstream tasks scheduled from follow-on schedule check
[2026-08-17T10:22:02.880+0000] {local_task_job_runner.py:245} INFO - ::endgroup::
