[2026-08-17T12:26:31.075+0000] {local_task_job_runner.py:123} INFO - ::group::Pre task execution logs
[2026-08-17T12:26:31.106+0000] {taskinstance.py:2613} INFO - Dependencies all met for dep_context=non-requeueable deps ti=<TaskInstance: weather_ingestion.produce_weather scheduled__2026-08-17T11:00:00+00:00 [queued]>
[2026-08-17T12:26:31.110+0000] {taskinstance.py:2613} INFO - Dependencies all met for dep_context=requeueable deps ti=<TaskInstance: weather_ingestion.produce_weather scheduled__2026-08-17T11:00:00+00:00 [queued]>
[2026-08-17T12:26:31.110+0000] {taskinstance.py:2866} INFO - Starting attempt 3 of 4
[2026-08-17T12:26:31.116+0000] {taskinstance.py:2889} INFO - Executing <Task(PythonOperator): produce_weather> on 2026-08-17 11:00:00+00:00
[2026-08-17T12:26:31.119+0000] {standard_task_runner.py:72} INFO - Started process 3815 to run task
[2026-08-17T12:26:31.122+0000] {standard_task_runner.py:104} INFO - Running: ['***', 'tasks', 'run', 'weather_ingestion', 'produce_weather', 'scheduled__2026-08-17T11:00:00+00:00', '--job-id', '23', '--raw', '--subdir', 'DAGS_FOLDER/weather_dag.py', '--cfg-path', '/tmp/tmppe615h2k']
[2026-08-17T12:26:31.125+0000] {standard_task_runner.py:105} INFO - Job 23: Subtask produce_weather
[2026-08-17T12:26:31.159+0000] {task_command.py:467} INFO - Running <TaskInstance: weather_ingestion.produce_weather scheduled__2026-08-17T11:00:00+00:00 [running]> on host 827737eaffc5
[2026-08-17T12:26:31.207+0000] {taskinstance.py:3132} INFO - Exporting env vars: AIRFLOW_CTX_DAG_OWNER='***' AIRFLOW_CTX_DAG_ID='weather_ingestion' AIRFLOW_CTX_TASK_ID='produce_weather' AIRFLOW_CTX_EXECUTION_DATE='2026-08-17T11:00:00+00:00' AIRFLOW_CTX_TRY_NUMBER='3' AIRFLOW_CTX_DAG_RUN_ID='scheduled__2026-08-17T11:00:00+00:00'
[2026-08-17T12:26:31.208+0000] {taskinstance.py:731} INFO - ::endgroup::
[2026-08-17T12:26:32.814+0000] {logging_mixin.py:190} INFO - Fetched: {'city': 'Taipei', 'observed_at': '2026-08-17T12:15', 'temperature_c': 27.9, 'humidity_pct': 86, 'wind_speed_kmh': 15.1, 'weather_code': 1}
[2026-08-17T12:43:04.074+0000] {job.py:229} INFO - Heartbeat recovered after 982.48 seconds
[2026-08-17T13:00:28.576+0000] {job.py:229} INFO - Heartbeat recovered after 902.94 seconds
[2026-08-17T13:00:38.683+0000] {local_task_job_runner.py:346} WARNING - State of this instance has been externally set to up_for_retry. Terminating instance.
[2026-08-17T13:00:38.685+0000] {local_task_job_runner.py:245} INFO - ::endgroup::
[2026-08-17T13:00:38.688+0000] {process_utils.py:132} INFO - Sending 15 to group 3815. PIDs of all processes in the group: [3815]
[2026-08-17T13:00:38.688+0000] {process_utils.py:87} INFO - Sending the signal 15 to group 3815
[2026-08-17T13:00:38.741+0000] {taskinstance.py:3093} ERROR - Received SIGTERM. Terminating subprocesses.
[2026-08-17T13:00:38.790+0000] {taskinstance.py:3311} ERROR - Task failed with exception
Traceback (most recent call last):
  File "/home/airflow/.local/lib/python3.11/site-packages/airflow/models/taskinstance.py", line 767, in _execute_task
    result = _execute_callable(context=context, **execute_callable_kwargs)
             ^^^^^^^^^^^^^^^^^^^^^^^^^^^^^^^^^^^^^^^^^^^^^^^^^^^^^^^^^^^^^
  File "/home/airflow/.local/lib/python3.11/site-packages/airflow/models/taskinstance.py", line 733, in _execute_callable
    return ExecutionCallableRunner(
           ^^^^^^^^^^^^^^^^^^^^^^^^
  File "/home/airflow/.local/lib/python3.11/site-packages/airflow/utils/operator_helpers.py", line 252, in run
    return self.func(*args, **kwargs)
           ^^^^^^^^^^^^^^^^^^^^^^^^^^
  File "/home/airflow/.local/lib/python3.11/site-packages/airflow/models/baseoperator.py", line 422, in wrapper
    return func(self, *args, **kwargs)
           ^^^^^^^^^^^^^^^^^^^^^^^^^^^
  File "/home/airflow/.local/lib/python3.11/site-packages/airflow/operators/python.py", line 238, in execute
    return_value = self.execute_callable()
                   ^^^^^^^^^^^^^^^^^^^^^^^
  File "/home/airflow/.local/lib/python3.11/site-packages/airflow/operators/python.py", line 256, in execute_callable
    return runner.run(*self.op_args, **self.op_kwargs)
           ^^^^^^^^^^^^^^^^^^^^^^^^^^^^^^^^^^^^^^^^^^^
  File "/home/airflow/.local/lib/python3.11/site-packages/airflow/utils/operator_helpers.py", line 252, in run
    return self.func(*args, **kwargs)
           ^^^^^^^^^^^^^^^^^^^^^^^^^^
  File "/opt/airflow/dags/weather_dag.py", line 21, in run_produce
    produce_main()
  File "/opt/airflow/kafka/scripts/producer_weather.py", line 29, in main
    producer.flush()
  File "/home/airflow/.local/lib/python3.11/site-packages/airflow/models/taskinstance.py", line 3095, in signal_handler
    raise AirflowTaskTerminated("Task received SIGTERM signal")
airflow.exceptions.AirflowTaskTerminated: Task received SIGTERM signal
[2026-08-17T13:00:38.813+0000] {taskinstance.py:1225} INFO - Marking task as UP_FOR_RETRY. dag_id=weather_ingestion, task_id=produce_weather, run_id=scheduled__2026-08-17T11:00:00+00:00, execution_date=20260817T110000, start_date=20260817T122631, end_date=20260817T130038
[2026-08-17T13:00:38.827+0000] {taskinstance.py:340} INFO - ::group::Post task execution logs
[2026-08-17T13:00:38.873+0000] {process_utils.py:80} INFO - Process psutil.Process(pid=3815, status='terminated', exitcode=2, started='12:26:30') (3815) terminated with exit code 2
