[2026-08-17T15:15:29.914+0000] {local_task_job_runner.py:123} INFO - ::group::Pre task execution logs
[2026-08-17T15:15:29.924+0000] {taskinstance.py:2613} INFO - Dependencies all met for dep_context=non-requeueable deps ti=<TaskInstance: weather_ingestion.produce_weather scheduled__2026-08-17T14:00:00+00:00 [queued]>
[2026-08-17T15:15:29.927+0000] {taskinstance.py:2613} INFO - Dependencies all met for dep_context=requeueable deps ti=<TaskInstance: weather_ingestion.produce_weather scheduled__2026-08-17T14:00:00+00:00 [queued]>
[2026-08-17T15:15:29.927+0000] {taskinstance.py:2866} INFO - Starting attempt 1 of 4
[2026-08-17T15:15:29.932+0000] {taskinstance.py:2889} INFO - Executing <Task(PythonOperator): produce_weather> on 2026-08-17 14:00:00+00:00
[2026-08-17T15:15:29.935+0000] {standard_task_runner.py:72} INFO - Started process 4595 to run task
[2026-08-17T15:15:29.940+0000] {standard_task_runner.py:104} INFO - Running: ['***', 'tasks', 'run', 'weather_ingestion', 'produce_weather', 'scheduled__2026-08-17T14:00:00+00:00', '--job-id', '34', '--raw', '--subdir', 'DAGS_FOLDER/weather_dag.py', '--cfg-path', '/tmp/tmp2s12s5vv']
[2026-08-17T15:15:29.943+0000] {standard_task_runner.py:105} INFO - Job 34: Subtask produce_weather
[2026-08-17T15:15:29.984+0000] {task_command.py:467} INFO - Running <TaskInstance: weather_ingestion.produce_weather scheduled__2026-08-17T14:00:00+00:00 [running]> on host 827737eaffc5
[2026-08-17T15:15:30.040+0000] {taskinstance.py:3132} INFO - Exporting env vars: AIRFLOW_CTX_DAG_OWNER='***' AIRFLOW_CTX_DAG_ID='weather_ingestion' AIRFLOW_CTX_TASK_ID='produce_weather' AIRFLOW_CTX_EXECUTION_DATE='2026-08-17T14:00:00+00:00' AIRFLOW_CTX_TRY_NUMBER='1' AIRFLOW_CTX_DAG_RUN_ID='scheduled__2026-08-17T14:00:00+00:00'
[2026-08-17T15:15:30.041+0000] {taskinstance.py:731} INFO - ::endgroup::
[2026-08-17T15:15:37.679+0000] {logging_mixin.py:190} INFO - Fetched: {'city': 'Taipei', 'observed_at': '2026-08-17T15:15', 'temperature_c': 27.3, 'humidity_pct': 85, 'wind_speed_kmh': 13.6, 'weather_code': 1}
[2026-08-17T15:32:12.051+0000] {job.py:229} INFO - Heartbeat recovered after 946.34 seconds
[2026-08-17T15:50:29.952+0000] {job.py:229} INFO - Heartbeat recovered after 981.64 seconds
[2026-08-17T15:52:36.161+0000] {logging_mixin.py:190} INFO - Delivery failed: KafkaError{code=_MSG_TIMED_OUT,val=-192,str="Local: Message timed out"}
[2026-08-17T15:52:36.169+0000] {python.py:240} INFO - Done. Returned value was: None
[2026-08-17T15:52:36.203+0000] {taskinstance.py:340} INFO - ::group::Post task execution logs
[2026-08-17T15:52:36.204+0000] {taskinstance.py:352} INFO - Marking task as SUCCESS. dag_id=weather_ingestion, task_id=produce_weather, run_id=scheduled__2026-08-17T14:00:00+00:00, execution_date=20260817T140000, start_date=20260817T151529, end_date=20260817T155236
[2026-08-17T15:52:36.260+0000] {local_task_job_runner.py:266} INFO - Task exited with return code 0
[2026-08-17T15:52:36.286+0000] {taskinstance.py:3895} INFO - 1 downstream tasks scheduled from follow-on schedule check
[2026-08-17T15:52:36.288+0000] {local_task_job_runner.py:245} INFO - ::endgroup::
