[2026-08-14T10:20:15.985+0000] {local_task_job_runner.py:123} INFO - ::group::Pre task execution logs
[2026-08-14T10:20:15.992+0000] {taskinstance.py:2613} INFO - Dependencies all met for dep_context=non-requeueable deps ti=<TaskInstance: weather_ingestion.transform_weather scheduled__2026-08-14T09:00:00+00:00 [queued]>
[2026-08-14T10:20:15.994+0000] {taskinstance.py:2613} INFO - Dependencies all met for dep_context=requeueable deps ti=<TaskInstance: weather_ingestion.transform_weather scheduled__2026-08-14T09:00:00+00:00 [queued]>
[2026-08-14T10:20:15.994+0000] {taskinstance.py:2866} INFO - Starting attempt 1 of 4
[2026-08-14T10:20:15.999+0000] {taskinstance.py:2889} INFO - Executing <Task(PythonOperator): transform_weather> on 2026-08-14 09:00:00+00:00
[2026-08-14T10:20:16.001+0000] {standard_task_runner.py:72} INFO - Started process 19996 to run task
[2026-08-14T10:20:16.003+0000] {standard_task_runner.py:104} INFO - Running: ['***', 'tasks', 'run', 'weather_ingestion', 'transform_weather', 'scheduled__2026-08-14T09:00:00+00:00', '--job-id', '552', '--raw', '--subdir', 'DAGS_FOLDER/weather_dag.py', '--cfg-path', '/tmp/tmp04o8ojec']
[2026-08-14T10:20:16.004+0000] {standard_task_runner.py:105} INFO - Job 552: Subtask transform_weather
[2026-08-14T10:20:16.025+0000] {task_command.py:467} INFO - Running <TaskInstance: weather_ingestion.transform_weather scheduled__2026-08-14T09:00:00+00:00 [running]> on host e3cd9dc09b95
[2026-08-14T10:20:16.063+0000] {taskinstance.py:3132} INFO - Exporting env vars: AIRFLOW_CTX_DAG_OWNER='***' AIRFLOW_CTX_DAG_ID='weather_ingestion' AIRFLOW_CTX_TASK_ID='transform_weather' AIRFLOW_CTX_EXECUTION_DATE='2026-08-14T09:00:00+00:00' AIRFLOW_CTX_TRY_NUMBER='1' AIRFLOW_CTX_DAG_RUN_ID='scheduled__2026-08-14T09:00:00+00:00'
[2026-08-14T10:20:16.063+0000] {taskinstance.py:731} INFO - ::endgroup::
[2026-08-14T10:20:23.703+0000] {logging_mixin.py:190} INFO - Raw row count: 188
[2026-08-14T10:20:24.830+0000] {logging_mixin.py:190} INFO - After dedup: 185
[2026-08-14T10:20:25.727+0000] {logging_mixin.py:190} INFO - +------+-------------------+-------------+------------+--------------+------------+-----------------------+-------------------+------------------+
|CITY  |OBSERVED_AT        |TEMPERATURE_C|HUMIDITY_PCT|WIND_SPEED_KMH|WEATHER_CODE|INGESTED_AT            |WEATHER_DESCRIPTION|TEMP_ROLLING_AVG_C|
+------+-------------------+-------------+------------+--------------+------------+-----------------------+-------------------+------------------+
|Taipei|2026-08-04 09:30:00|31.9         |57.0        |16.6          |1           |2026-08-04 02:39:47.132|Mainly clear       |31.9              |
|Taipei|2026-08-05 09:45:00|31.6         |64.0        |11.8          |0           |2026-08-05 02:54:09.561|Clear sky          |31.75             |
|Taipei|2026-08-05 15:15:00|28.2         |86.0        |5.5           |0           |2026-08-05 08:18:05.871|Clear sky          |30.57             |
|Taipei|2026-08-05 17:30:00|27.2         |95.0        |2.7           |0           |2026-08-05 10:33:00.429|Clear sky          |29.0              |
|Taipei|2026-08-05 19:00:00|26.4         |99.0        |0.6           |1           |2026-08-05 12:06:27.341|Mainly clear       |27.27             |
|Taipei|2026-08-05 20:00:00|26.2         |100.0       |1.4           |3           |2026-08-05 13:11:37.509|Overcast           |26.6              |
|Taipei|2026-08-06 00:15:00|30.4         |74.0        |1.0           |1           |2026-08-05 17:15:36.953|Mainly clear       |27.67             |
|Taipei|2026-08-06 01:00:00|31.3         |69.0        |4.7           |0           |2026-08-05 18:12:43.689|Clear sky          |29.3              |
|Taipei|2026-08-06 02:00:00|32.5         |63.0        |6.0           |51          |2026-08-05 19:05:04.367|Light drizzle      |31.4              |
|Taipei|2026-08-06 03:00:00|33.2         |59.0        |8.0           |51          |2026-08-05 20:05:05.125|Light drizzle      |32.33             |
+------+-------------------+-------------+------------+--------------+------------+-----------------------+-------------------+------------------+
only showing top 10 rows
[2026-08-14T10:35:56.909+0000] {job.py:229} INFO - Heartbeat recovered after 905.53 seconds
[2026-08-14T10:37:58.561+0000] {taskinstance.py:3311} ERROR - Task failed with exception
Traceback (most recent call last):
  File "/home/airflow/.local/lib/python3.11/site-packages/airflow/models/taskinstance.py", line 767, in _execute_task
    result = _execute_callable(context=context, **execute_callable_kwargs)
             ^^^^^^^^^^^^^^^^^^^^^^^^^^^^^^^^^^^^^^^^^^^^^^^^^^^^^^^^^^^^^
  File "/home/airflow/.local/lib/python3.11/site-packages/airflow/models/taskinstance.py", line 733, in _execute_callable
    return ExecutionCallableRunner(
           ^^^^^^^^^^^^^^^^^^^^^^^^
  File "/home/airflow/.local/lib/python3.11/site-packages/airflow/utils/operator_helpers.py", line 252, in run
    return self.func(*args, **kwargs)
           ^^^^^^^^^^^^^^^^^^^^^^^^^^
  File "/home/airflow/.local/lib/python3.11/site-packages/airflow/models/baseoperator.py", line 422, in wrapper
    return func(self, *args, **kwargs)
           ^^^^^^^^^^^^^^^^^^^^^^^^^^^
  File "/home/airflow/.local/lib/python3.11/site-packages/airflow/operators/python.py", line 238, in execute
    return_value = self.execute_callable()
                   ^^^^^^^^^^^^^^^^^^^^^^^
  File "/home/airflow/.local/lib/python3.11/site-packages/airflow/operators/python.py", line 256, in execute_callable
    return runner.run(*self.op_args, **self.op_kwargs)
           ^^^^^^^^^^^^^^^^^^^^^^^^^^^^^^^^^^^^^^^^^^^
  File "/home/airflow/.local/lib/python3.11/site-packages/airflow/utils/operator_helpers.py", line 252, in run
    return self.func(*args, **kwargs)
           ^^^^^^^^^^^^^^^^^^^^^^^^^^
  File "/opt/airflow/dags/weather_dag.py", line 24, in run_transform
    transform_main()
  File "/opt/airflow/spark/scripts/transform_weather.py", line 101, in main
    .save()
     ^^^^^^
  File "/home/airflow/.local/lib/python3.11/site-packages/pyspark/sql/readwriter.py", line 1833, in save
    self._jwrite.save()
  File "/home/airflow/.local/lib/python3.11/site-packages/py4j/java_gateway.py", line 1362, in __call__
    return_value = get_return_value(
                   ^^^^^^^^^^^^^^^^^
  File "/home/airflow/.local/lib/python3.11/site-packages/pyspark/errors/exceptions/captured.py", line 251, in deco
    return f(*a, **kw)
           ^^^^^^^^^^^
  File "/home/airflow/.local/lib/python3.11/site-packages/py4j/protocol.py", line 327, in get_return_value
    raise Py4JJavaError(
py4j.protocol.Py4JJavaError: An error occurred while calling o177.save.
: net.snowflake.client.jdbc.SnowflakeSQLException: Result not found
	at net.snowflake.client.jdbc.SnowflakeUtil.checkErrorAndThrowExceptionSub(SnowflakeUtil.java:172)
	at net.snowflake.client.jdbc.SnowflakeUtil.checkErrorAndThrowException(SnowflakeUtil.java:105)
	at net.snowflake.client.core.StmtUtil.pollForOutput(StmtUtil.java:490)
	at net.snowflake.client.core.StmtUtil.execute(StmtUtil.java:396)
	at net.snowflake.client.core.SFStatement.executeHelper(SFStatement.java:498)
	at net.snowflake.client.jdbc.SnowflakeFileTransferAgent.parseCommandInGS(SnowflakeFileTransferAgent.java:1299)
	at net.snowflake.client.jdbc.SnowflakeFileTransferAgent.parseCommand(SnowflakeFileTransferAgent.java:919)
	at net.snowflake.client.jdbc.SnowflakeFileTransferAgent.<init>(SnowflakeFileTransferAgent.java:895)
	at net.snowflake.spark.snowflake.io.SFInternalStage.sfAgent$lzycompute(SFInternalStage.scala:50)
	at net.snowflake.spark.snowflake.io.SFInternalStage.sfAgent(SFInternalStage.scala:43)
	at net.snowflake.spark.snowflake.io.SFInternalStage.encryptionMaterials$lzycompute(SFInternalStage.scala:54)
	at net.snowflake.spark.snowflake.io.SFInternalStage.encryptionMaterials(SFInternalStage.scala:54)
	at net.snowflake.spark.snowflake.io.SFInternalStage.getKeyIds$lzycompute(SFInternalStage.scala:127)
	at net.snowflake.spark.snowflake.io.SFInternalStage.getKeyIds(SFInternalStage.scala:116)
	at net.snowflake.spark.snowflake.io.InternalS3Storage.getStageInfo(CloudStorageOperations.scala:1324)
	at net.snowflake.spark.snowflake.io.CloudStorage.upload(CloudStorageOperations.scala:531)
	at net.snowflake.spark.snowflake.io.CloudStorage.upload$(CloudStorageOperations.scala:526)
	at net.snowflake.spark.snowflake.io.InternalS3Storage.upload(CloudStorageOperations.scala:1305)
	at net.snowflake.spark.snowflake.io.StageWriter$.writeToStage(StageWriter.scala:219)
	at net.snowflake.spark.snowflake.io.package$.writeRDD(package.scala:50)
	at net.snowflake.spark.snowflake.SnowflakeWriter.save(SnowflakeWriter.scala:110)
	at net.snowflake.spark.snowflake.DefaultSource.createRelation(DefaultSource.scala:113)
	at org.apache.spark.sql.execution.datasources.SaveIntoDataSourceCommand.run(SaveIntoDataSourceCommand.scala:55)
	at org.apache.spark.sql.execution.command.ExecutedCommandExec.sideEffectResult$lzycompute(commands.scala:79)
	at org.apache.spark.sql.execution.command.ExecutedCommandExec.sideEffectResult(commands.scala:77)
	at org.apache.spark.sql.execution.command.ExecutedCommandExec.executeCollect(commands.scala:88)
	at org.apache.spark.sql.execution.QueryExecution$.$anonfun$runCommand$2(QueryExecution.scala:940)
	at org.apache.spark.sql.execution.SQLExecution$.$anonfun$withNewExecutionId0$8(SQLExecution.scala:228)
	at org.apache.spark.sql.execution.SQLExecution$.withSessionTagsApplied(SQLExecution.scala:352)
	at org.apache.spark.sql.execution.SQLExecution$.$anonfun$withNewExecutionId0$7(SQLExecution.scala:189)
	at org.apache.spark.JobArtifactSet$.withActiveJobArtifactState(JobArtifactSet.scala:94)
	at org.apache.spark.sql.artifact.ArtifactManager.$anonfun$withResources$1(ArtifactManager.scala:112)
	at org.apache.spark.sql.artifact.ArtifactManager.withClassLoaderIfNeeded(ArtifactManager.scala:106)
	at org.apache.spark.sql.artifact.ArtifactManager.withResources(ArtifactManager.scala:111)
	at org.apache.spark.sql.execution.SQLExecution$.$anonfun$withNewExecutionId0$6(SQLExecution.scala:189)
	at org.apache.spark.sql.execution.SQLExecution$.withSQLConfPropagated(SQLExecution.scala:375)
	at org.apache.spark.sql.execution.SQLExecution$.$anonfun$withNewExecutionId0$1(SQLExecution.scala:188)
	at org.apache.spark.sql.SparkSession.withActive(SparkSession.scala:810)
	at org.apache.spark.sql.execution.SQLExecution$.withNewExecutionId0(SQLExecution.scala:130)
	at org.apache.spark.sql.execution.SQLExecution$.withNewExecutionId(SQLExecution.scala:317)
	at org.apache.spark.sql.execution.QueryExecution$.$anonfun$runCommand$1(QueryExecution.scala:940)
	at org.apache.spark.sql.execution.QueryExecution$.withInternalError(QueryExecution.scala:872)
	at org.apache.spark.sql.execution.QueryExecution$.runCommand(QueryExecution.scala:939)
	at org.apache.spark.sql.execution.QueryExecution.org$apache$spark$sql$execution$QueryExecution$$eagerlyExecute$1(QueryExecution.scala:247)
	at org.apache.spark.sql.execution.QueryExecution$$anonfun$eagerlyExecuteCommands$1.applyOrElse(QueryExecution.scala:261)
	at org.apache.spark.sql.execution.QueryExecution$$anonfun$eagerlyExecuteCommands$1.applyOrElse(QueryExecution.scala:254)
	at org.apache.spark.sql.catalyst.trees.TreeNode.$anonfun$transformDownWithPruning$1(TreeNode.scala:495)
	at org.apache.spark.sql.catalyst.trees.CurrentOrigin$.withOrigin(origin.scala:107)
	at org.apache.spark.sql.catalyst.trees.TreeNode.transformDownWithPruning(TreeNode.scala:495)
	at org.apache.spark.sql.catalyst.plans.logical.LogicalPlan.org$apache$spark$sql$catalyst$plans$logical$AnalysisHelper$$super$transformDownWithPruning(LogicalPlan.scala:37)
	at org.apache.spark.sql.catalyst.plans.logical.AnalysisHelper.transformDownWithPruning(AnalysisHelper.scala:360)
	at org.apache.spark.sql.catalyst.plans.logical.AnalysisHelper.transformDownWithPruning$(AnalysisHelper.scala:356)
	at org.apache.spark.sql.catalyst.plans.logical.LogicalPlan.transformDownWithPruning(LogicalPlan.scala:37)
	at org.apache.spark.sql.catalyst.plans.logical.LogicalPlan.transformDownWithPruning(LogicalPlan.scala:37)
	at org.apache.spark.sql.catalyst.trees.TreeNode.transformDown(TreeNode.scala:471)
	at org.apache.spark.sql.execution.QueryExecution.eagerlyExecuteCommands(QueryExecution.scala:254)
	at org.apache.spark.sql.execution.QueryExecution.$anonfun$lazyCommandExecuted$1(QueryExecution.scala:218)
	at scala.util.Try$.apply(Try.scala:217)
	at org.apache.spark.util.Utils$.doTryWithCallerStacktrace(Utils.scala:1407)
	at org.apache.spark.util.Utils$.getTryWithCallerStacktrace(Utils.scala:1457)
	at org.apache.spark.util.LazyTry.get(LazyTry.scala:61)
	at org.apache.spark.sql.execution.QueryExecution.$anonfun$commandExecuted$1(QueryExecution.scala:224)
	at org.apache.spark.sql.execution.QueryExecution.withAbortTransactionOnFailure(QueryExecution.scala:632)
	at org.apache.spark.sql.execution.QueryExecution.commandExecuted(QueryExecution.scala:224)
	at org.apache.spark.sql.execution.QueryExecution.assertCommandExecuted(QueryExecution.scala:309)
	at org.apache.spark.sql.classic.DataFrameWriter.runCommand(DataFrameWriter.scala:615)
	at org.apache.spark.sql.classic.DataFrameWriter.save(DataFrameWriter.scala:126)
	at java.base/jdk.internal.reflect.NativeMethodAccessorImpl.invoke0(Native Method)
	at java.base/jdk.internal.reflect.NativeMethodAccessorImpl.invoke(NativeMethodAccessorImpl.java:77)
	at java.base/jdk.internal.reflect.DelegatingMethodAccessorImpl.invoke(DelegatingMethodAccessorImpl.java:43)
	at java.base/java.lang.reflect.Method.invoke(Method.java:569)
	at py4j.reflection.MethodInvoker.invoke(MethodInvoker.java:244)
	at py4j.reflection.ReflectionEngine.invoke(ReflectionEngine.java:374)
	at py4j.Gateway.invoke(Gateway.java:282)
	at py4j.commands.AbstractCommand.invokeMethod(AbstractCommand.java:132)
	at py4j.commands.CallCommand.execute(CallCommand.java:79)
	at py4j.ClientServerConnection.waitForCommands(ClientServerConnection.java:184)
	at py4j.ClientServerConnection.run(ClientServerConnection.java:108)
	at java.base/java.lang.Thread.run(Thread.java:840)

[2026-08-14T10:37:58.621+0000] {taskinstance.py:1225} INFO - Marking task as UP_FOR_RETRY. dag_id=weather_ingestion, task_id=transform_weather, run_id=scheduled__2026-08-14T09:00:00+00:00, execution_date=20260814T090000, start_date=20260814T102015, end_date=20260814T103758
[2026-08-14T10:37:58.638+0000] {taskinstance.py:340} INFO - ::group::Post task execution logs
[2026-08-14T10:37:58.639+0000] {standard_task_runner.py:124} ERROR - Failed to execute job 552 for task transform_weather (An error occurred while calling o177.save.
: net.snowflake.client.jdbc.SnowflakeSQLException: Result not found
	at net.snowflake.client.jdbc.SnowflakeUtil.checkErrorAndThrowExceptionSub(SnowflakeUtil.java:172)
	at net.snowflake.client.jdbc.SnowflakeUtil.checkErrorAndThrowException(SnowflakeUtil.java:105)
	at net.snowflake.client.core.StmtUtil.pollForOutput(StmtUtil.java:490)
	at net.snowflake.client.core.StmtUtil.execute(StmtUtil.java:396)
	at net.snowflake.client.core.SFStatement.executeHelper(SFStatement.java:498)
	at net.snowflake.client.jdbc.SnowflakeFileTransferAgent.parseCommandInGS(SnowflakeFileTransferAgent.java:1299)
	at net.snowflake.client.jdbc.SnowflakeFileTransferAgent.parseCommand(SnowflakeFileTransferAgent.java:919)
	at net.snowflake.client.jdbc.SnowflakeFileTransferAgent.<init>(SnowflakeFileTransferAgent.java:895)
	at net.snowflake.spark.snowflake.io.SFInternalStage.sfAgent$lzycompute(SFInternalStage.scala:50)
	at net.snowflake.spark.snowflake.io.SFInternalStage.sfAgent(SFInternalStage.scala:43)
	at net.snowflake.spark.snowflake.io.SFInternalStage.encryptionMaterials$lzycompute(SFInternalStage.scala:54)
	at net.snowflake.spark.snowflake.io.SFInternalStage.encryptionMaterials(SFInternalStage.scala:54)
	at net.snowflake.spark.snowflake.io.SFInternalStage.getKeyIds$lzycompute(SFInternalStage.scala:127)
	at net.snowflake.spark.snowflake.io.SFInternalStage.getKeyIds(SFInternalStage.scala:116)
	at net.snowflake.spark.snowflake.io.InternalS3Storage.getStageInfo(CloudStorageOperations.scala:1324)
	at net.snowflake.spark.snowflake.io.CloudStorage.upload(CloudStorageOperations.scala:531)
	at net.snowflake.spark.snowflake.io.CloudStorage.upload$(CloudStorageOperations.scala:526)
	at net.snowflake.spark.snowflake.io.InternalS3Storage.upload(CloudStorageOperations.scala:1305)
	at net.snowflake.spark.snowflake.io.StageWriter$.writeToStage(StageWriter.scala:219)
	at net.snowflake.spark.snowflake.io.package$.writeRDD(package.scala:50)
	at net.snowflake.spark.snowflake.SnowflakeWriter.save(SnowflakeWriter.scala:110)
	at net.snowflake.spark.snowflake.DefaultSource.createRelation(DefaultSource.scala:113)
	at org.apache.spark.sql.execution.datasources.SaveIntoDataSourceCommand.run(SaveIntoDataSourceCommand.scala:55)
	at org.apache.spark.sql.execution.command.ExecutedCommandExec.sideEffectResult$lzycompute(commands.scala:79)
	at org.apache.spark.sql.execution.command.ExecutedCommandExec.sideEffectResult(commands.scala:77)
	at org.apache.spark.sql.execution.command.ExecutedCommandExec.executeCollect(commands.scala:88)
	at org.apache.spark.sql.execution.QueryExecution$.$anonfun$runCommand$2(QueryExecution.scala:940)
	at org.apache.spark.sql.execution.SQLExecution$.$anonfun$withNewExecutionId0$8(SQLExecution.scala:228)
	at org.apache.spark.sql.execution.SQLExecution$.withSessionTagsApplied(SQLExecution.scala:352)
	at org.apache.spark.sql.execution.SQLExecution$.$anonfun$withNewExecutionId0$7(SQLExecution.scala:189)
	at org.apache.spark.JobArtifactSet$.withActiveJobArtifactState(JobArtifactSet.scala:94)
	at org.apache.spark.sql.artifact.ArtifactManager.$anonfun$withResources$1(ArtifactManager.scala:112)
	at org.apache.spark.sql.artifact.ArtifactManager.withClassLoaderIfNeeded(ArtifactManager.scala:106)
	at org.apache.spark.sql.artifact.ArtifactManager.withResources(ArtifactManager.scala:111)
	at org.apache.spark.sql.execution.SQLExecution$.$anonfun$withNewExecutionId0$6(SQLExecution.scala:189)
	at org.apache.spark.sql.execution.SQLExecution$.withSQLConfPropagated(SQLExecution.scala:375)
	at org.apache.spark.sql.execution.SQLExecution$.$anonfun$withNewExecutionId0$1(SQLExecution.scala:188)
	at org.apache.spark.sql.SparkSession.withActive(SparkSession.scala:810)
	at org.apache.spark.sql.execution.SQLExecution$.withNewExecutionId0(SQLExecution.scala:130)
	at org.apache.spark.sql.execution.SQLExecution$.withNewExecutionId(SQLExecution.scala:317)
	at org.apache.spark.sql.execution.QueryExecution$.$anonfun$runCommand$1(QueryExecution.scala:940)
	at org.apache.spark.sql.execution.QueryExecution$.withInternalError(QueryExecution.scala:872)
	at org.apache.spark.sql.execution.QueryExecution$.runCommand(QueryExecution.scala:939)
	at org.apache.spark.sql.execution.QueryExecution.org$apache$spark$sql$execution$QueryExecution$$eagerlyExecute$1(QueryExecution.scala:247)
	at org.apache.spark.sql.execution.QueryExecution$$anonfun$eagerlyExecuteCommands$1.applyOrElse(QueryExecution.scala:261)
	at org.apache.spark.sql.execution.QueryExecution$$anonfun$eagerlyExecuteCommands$1.applyOrElse(QueryExecution.scala:254)
	at org.apache.spark.sql.catalyst.trees.TreeNode.$anonfun$transformDownWithPruning$1(TreeNode.scala:495)
	at org.apache.spark.sql.catalyst.trees.CurrentOrigin$.withOrigin(origin.scala:107)
	at org.apache.spark.sql.catalyst.trees.TreeNode.transformDownWithPruning(TreeNode.scala:495)
	at org.apache.spark.sql.catalyst.plans.logical.LogicalPlan.org$apache$spark$sql$catalyst$plans$logical$AnalysisHelper$$super$transformDownWithPruning(LogicalPlan.scala:37)
	at org.apache.spark.sql.catalyst.plans.logical.AnalysisHelper.transformDownWithPruning(AnalysisHelper.scala:360)
	at org.apache.spark.sql.catalyst.plans.logical.AnalysisHelper.transformDownWithPruning$(AnalysisHelper.scala:356)
	at org.apache.spark.sql.catalyst.plans.logical.LogicalPlan.transformDownWithPruning(LogicalPlan.scala:37)
	at org.apache.spark.sql.catalyst.plans.logical.LogicalPlan.transformDownWithPruning(LogicalPlan.scala:37)
	at org.apache.spark.sql.catalyst.trees.TreeNode.transformDown(TreeNode.scala:471)
	at org.apache.spark.sql.execution.QueryExecution.eagerlyExecuteCommands(QueryExecution.scala:254)
	at org.apache.spark.sql.execution.QueryExecution.$anonfun$lazyCommandExecuted$1(QueryExecution.scala:218)
	at scala.util.Try$.apply(Try.scala:217)
	at org.apache.spark.util.Utils$.doTryWithCallerStacktrace(Utils.scala:1407)
	at org.apache.spark.util.Utils$.getTryWithCallerStacktrace(Utils.scala:1457)
	at org.apache.spark.util.LazyTry.get(LazyTry.scala:61)
	at org.apache.spark.sql.execution.QueryExecution.$anonfun$commandExecuted$1(QueryExecution.scala:224)
	at org.apache.spark.sql.execution.QueryExecution.withAbortTransactionOnFailure(QueryExecution.scala:632)
	at org.apache.spark.sql.execution.QueryExecution.commandExecuted(QueryExecution.scala:224)
	at org.apache.spark.sql.execution.QueryExecution.assertCommandExecuted(QueryExecution.scala:309)
	at org.apache.spark.sql.classic.DataFrameWriter.runCommand(DataFrameWriter.scala:615)
	at org.apache.spark.sql.classic.DataFrameWriter.save(DataFrameWriter.scala:126)
	at java.base/jdk.internal.reflect.NativeMethodAccessorImpl.invoke0(Native Method)
	at java.base/jdk.internal.reflect.NativeMethodAccessorImpl.invoke(NativeMethodAccessorImpl.java:77)
	at java.base/jdk.internal.reflect.DelegatingMethodAccessorImpl.invoke(DelegatingMethodAccessorImpl.java:43)
	at java.base/java.lang.reflect.Method.invoke(Method.java:569)
	at py4j.reflection.MethodInvoker.invoke(MethodInvoker.java:244)
	at py4j.reflection.ReflectionEngine.invoke(ReflectionEngine.java:374)
	at py4j.Gateway.invoke(Gateway.java:282)
	at py4j.commands.AbstractCommand.invokeMethod(AbstractCommand.java:132)
	at py4j.commands.CallCommand.execute(CallCommand.java:79)
	at py4j.ClientServerConnection.waitForCommands(ClientServerConnection.java:184)
	at py4j.ClientServerConnection.run(ClientServerConnection.java:108)
	at java.base/java.lang.Thread.run(Thread.java:840)
; 19996)
Traceback (most recent call last):
  File "/home/airflow/.local/lib/python3.11/site-packages/airflow/task/task_runner/standard_task_runner.py", line 117, in _start_by_fork
    ret = args.func(args, dag=self.dag)
          ^^^^^^^^^^^^^^^^^^^^^^^^^^^^^
  File "/home/airflow/.local/lib/python3.11/site-packages/airflow/cli/cli_config.py", line 49, in command
    return func(*args, **kwargs)
           ^^^^^^^^^^^^^^^^^^^^^
  File "/home/airflow/.local/lib/python3.11/site-packages/airflow/utils/cli.py", line 116, in wrapper
    return f(*args, **kwargs)
           ^^^^^^^^^^^^^^^^^^
  File "/home/airflow/.local/lib/python3.11/site-packages/airflow/cli/commands/task_command.py", line 483, in task_run
    task_return_code = _run_task_by_selected_method(args, _dag, ti)
                       ^^^^^^^^^^^^^^^^^^^^^^^^^^^^^^^^^^^^^^^^^^^^
  File "/home/airflow/.local/lib/python3.11/site-packages/airflow/cli/commands/task_command.py", line 256, in _run_task_by_selected_method
    return _run_raw_task(args, ti)
           ^^^^^^^^^^^^^^^^^^^^^^^
  File "/home/airflow/.local/lib/python3.11/site-packages/airflow/cli/commands/task_command.py", line 341, in _run_raw_task
    return ti._run_raw_task(
           ^^^^^^^^^^^^^^^^^
  File "/home/airflow/.local/lib/python3.11/site-packages/airflow/utils/session.py", line 97, in wrapper
    return func(*args, session=session, **kwargs)
           ^^^^^^^^^^^^^^^^^^^^^^^^^^^^^^^^^^^^^^
  File "/home/airflow/.local/lib/python3.11/site-packages/airflow/models/taskinstance.py", line 3005, in _run_raw_task
    return _run_raw_task(
           ^^^^^^^^^^^^^^
  File "/home/airflow/.local/lib/python3.11/site-packages/airflow/models/taskinstance.py", line 273, in _run_raw_task
    TaskInstance._execute_task_with_callbacks(
  File "/home/airflow/.local/lib/python3.11/site-packages/airflow/models/taskinstance.py", line 3159, in _execute_task_with_callbacks
    result = self._execute_task(context, task_orig)
             ^^^^^^^^^^^^^^^^^^^^^^^^^^^^^^^^^^^^^^
  File "/home/airflow/.local/lib/python3.11/site-packages/airflow/models/taskinstance.py", line 3183, in _execute_task
    return _execute_task(self, context, task_orig)
           ^^^^^^^^^^^^^^^^^^^^^^^^^^^^^^^^^^^^^^^
  File "/home/airflow/.local/lib/python3.11/site-packages/airflow/models/taskinstance.py", line 767, in _execute_task
    result = _execute_callable(context=context, **execute_callable_kwargs)
             ^^^^^^^^^^^^^^^^^^^^^^^^^^^^^^^^^^^^^^^^^^^^^^^^^^^^^^^^^^^^^
  File "/home/airflow/.local/lib/python3.11/site-packages/airflow/models/taskinstance.py", line 733, in _execute_callable
    return ExecutionCallableRunner(
           ^^^^^^^^^^^^^^^^^^^^^^^^
  File "/home/airflow/.local/lib/python3.11/site-packages/airflow/utils/operator_helpers.py", line 252, in run
    return self.func(*args, **kwargs)
           ^^^^^^^^^^^^^^^^^^^^^^^^^^
  File "/home/airflow/.local/lib/python3.11/site-packages/airflow/models/baseoperator.py", line 422, in wrapper
    return func(self, *args, **kwargs)
           ^^^^^^^^^^^^^^^^^^^^^^^^^^^
  File "/home/airflow/.local/lib/python3.11/site-packages/airflow/operators/python.py", line 238, in execute
    return_value = self.execute_callable()
                   ^^^^^^^^^^^^^^^^^^^^^^^
  File "/home/airflow/.local/lib/python3.11/site-packages/airflow/operators/python.py", line 256, in execute_callable
    return runner.run(*self.op_args, **self.op_kwargs)
           ^^^^^^^^^^^^^^^^^^^^^^^^^^^^^^^^^^^^^^^^^^^
  File "/home/airflow/.local/lib/python3.11/site-packages/airflow/utils/operator_helpers.py", line 252, in run
    return self.func(*args, **kwargs)
           ^^^^^^^^^^^^^^^^^^^^^^^^^^
  File "/opt/airflow/dags/weather_dag.py", line 24, in run_transform
    transform_main()
  File "/opt/airflow/spark/scripts/transform_weather.py", line 101, in main
    .save()
     ^^^^^^
  File "/home/airflow/.local/lib/python3.11/site-packages/pyspark/sql/readwriter.py", line 1833, in save
    self._jwrite.save()
  File "/home/airflow/.local/lib/python3.11/site-packages/py4j/java_gateway.py", line 1362, in __call__
    return_value = get_return_value(
                   ^^^^^^^^^^^^^^^^^
  File "/home/airflow/.local/lib/python3.11/site-packages/pyspark/errors/exceptions/captured.py", line 251, in deco
    return f(*a, **kw)
           ^^^^^^^^^^^
  File "/home/airflow/.local/lib/python3.11/site-packages/py4j/protocol.py", line 327, in get_return_value
    raise Py4JJavaError(
py4j.protocol.Py4JJavaError: An error occurred while calling o177.save.
: net.snowflake.client.jdbc.SnowflakeSQLException: Result not found
	at net.snowflake.client.jdbc.SnowflakeUtil.checkErrorAndThrowExceptionSub(SnowflakeUtil.java:172)
	at net.snowflake.client.jdbc.SnowflakeUtil.checkErrorAndThrowException(SnowflakeUtil.java:105)
	at net.snowflake.client.core.StmtUtil.pollForOutput(StmtUtil.java:490)
	at net.snowflake.client.core.StmtUtil.execute(StmtUtil.java:396)
	at net.snowflake.client.core.SFStatement.executeHelper(SFStatement.java:498)
	at net.snowflake.client.jdbc.SnowflakeFileTransferAgent.parseCommandInGS(SnowflakeFileTransferAgent.java:1299)
	at net.snowflake.client.jdbc.SnowflakeFileTransferAgent.parseCommand(SnowflakeFileTransferAgent.java:919)
	at net.snowflake.client.jdbc.SnowflakeFileTransferAgent.<init>(SnowflakeFileTransferAgent.java:895)
	at net.snowflake.spark.snowflake.io.SFInternalStage.sfAgent$lzycompute(SFInternalStage.scala:50)
	at net.snowflake.spark.snowflake.io.SFInternalStage.sfAgent(SFInternalStage.scala:43)
	at net.snowflake.spark.snowflake.io.SFInternalStage.encryptionMaterials$lzycompute(SFInternalStage.scala:54)
	at net.snowflake.spark.snowflake.io.SFInternalStage.encryptionMaterials(SFInternalStage.scala:54)
	at net.snowflake.spark.snowflake.io.SFInternalStage.getKeyIds$lzycompute(SFInternalStage.scala:127)
	at net.snowflake.spark.snowflake.io.SFInternalStage.getKeyIds(SFInternalStage.scala:116)
	at net.snowflake.spark.snowflake.io.InternalS3Storage.getStageInfo(CloudStorageOperations.scala:1324)
	at net.snowflake.spark.snowflake.io.CloudStorage.upload(CloudStorageOperations.scala:531)
	at net.snowflake.spark.snowflake.io.CloudStorage.upload$(CloudStorageOperations.scala:526)
	at net.snowflake.spark.snowflake.io.InternalS3Storage.upload(CloudStorageOperations.scala:1305)
	at net.snowflake.spark.snowflake.io.StageWriter$.writeToStage(StageWriter.scala:219)
	at net.snowflake.spark.snowflake.io.package$.writeRDD(package.scala:50)
	at net.snowflake.spark.snowflake.SnowflakeWriter.save(SnowflakeWriter.scala:110)
	at net.snowflake.spark.snowflake.DefaultSource.createRelation(DefaultSource.scala:113)
	at org.apache.spark.sql.execution.datasources.SaveIntoDataSourceCommand.run(SaveIntoDataSourceCommand.scala:55)
	at org.apache.spark.sql.execution.command.ExecutedCommandExec.sideEffectResult$lzycompute(commands.scala:79)
	at org.apache.spark.sql.execution.command.ExecutedCommandExec.sideEffectResult(commands.scala:77)
	at org.apache.spark.sql.execution.command.ExecutedCommandExec.executeCollect(commands.scala:88)
	at org.apache.spark.sql.execution.QueryExecution$.$anonfun$runCommand$2(QueryExecution.scala:940)
	at org.apache.spark.sql.execution.SQLExecution$.$anonfun$withNewExecutionId0$8(SQLExecution.scala:228)
	at org.apache.spark.sql.execution.SQLExecution$.withSessionTagsApplied(SQLExecution.scala:352)
	at org.apache.spark.sql.execution.SQLExecution$.$anonfun$withNewExecutionId0$7(SQLExecution.scala:189)
	at org.apache.spark.JobArtifactSet$.withActiveJobArtifactState(JobArtifactSet.scala:94)
	at org.apache.spark.sql.artifact.ArtifactManager.$anonfun$withResources$1(ArtifactManager.scala:112)
	at org.apache.spark.sql.artifact.ArtifactManager.withClassLoaderIfNeeded(ArtifactManager.scala:106)
	at org.apache.spark.sql.artifact.ArtifactManager.withResources(ArtifactManager.scala:111)
	at org.apache.spark.sql.execution.SQLExecution$.$anonfun$withNewExecutionId0$6(SQLExecution.scala:189)
	at org.apache.spark.sql.execution.SQLExecution$.withSQLConfPropagated(SQLExecution.scala:375)
	at org.apache.spark.sql.execution.SQLExecution$.$anonfun$withNewExecutionId0$1(SQLExecution.scala:188)
	at org.apache.spark.sql.SparkSession.withActive(SparkSession.scala:810)
	at org.apache.spark.sql.execution.SQLExecution$.withNewExecutionId0(SQLExecution.scala:130)
	at org.apache.spark.sql.execution.SQLExecution$.withNewExecutionId(SQLExecution.scala:317)
	at org.apache.spark.sql.execution.QueryExecution$.$anonfun$runCommand$1(QueryExecution.scala:940)
	at org.apache.spark.sql.execution.QueryExecution$.withInternalError(QueryExecution.scala:872)
	at org.apache.spark.sql.execution.QueryExecution$.runCommand(QueryExecution.scala:939)
	at org.apache.spark.sql.execution.QueryExecution.org$apache$spark$sql$execution$QueryExecution$$eagerlyExecute$1(QueryExecution.scala:247)
	at org.apache.spark.sql.execution.QueryExecution$$anonfun$eagerlyExecuteCommands$1.applyOrElse(QueryExecution.scala:261)
	at org.apache.spark.sql.execution.QueryExecution$$anonfun$eagerlyExecuteCommands$1.applyOrElse(QueryExecution.scala:254)
	at org.apache.spark.sql.catalyst.trees.TreeNode.$anonfun$transformDownWithPruning$1(TreeNode.scala:495)
	at org.apache.spark.sql.catalyst.trees.CurrentOrigin$.withOrigin(origin.scala:107)
	at org.apache.spark.sql.catalyst.trees.TreeNode.transformDownWithPruning(TreeNode.scala:495)
	at org.apache.spark.sql.catalyst.plans.logical.LogicalPlan.org$apache$spark$sql$catalyst$plans$logical$AnalysisHelper$$super$transformDownWithPruning(LogicalPlan.scala:37)
	at org.apache.spark.sql.catalyst.plans.logical.AnalysisHelper.transformDownWithPruning(AnalysisHelper.scala:360)
	at org.apache.spark.sql.catalyst.plans.logical.AnalysisHelper.transformDownWithPruning$(AnalysisHelper.scala:356)
	at org.apache.spark.sql.catalyst.plans.logical.LogicalPlan.transformDownWithPruning(LogicalPlan.scala:37)
	at org.apache.spark.sql.catalyst.plans.logical.LogicalPlan.transformDownWithPruning(LogicalPlan.scala:37)
	at org.apache.spark.sql.catalyst.trees.TreeNode.transformDown(TreeNode.scala:471)
	at org.apache.spark.sql.execution.QueryExecution.eagerlyExecuteCommands(QueryExecution.scala:254)
	at org.apache.spark.sql.execution.QueryExecution.$anonfun$lazyCommandExecuted$1(QueryExecution.scala:218)
	at scala.util.Try$.apply(Try.scala:217)
	at org.apache.spark.util.Utils$.doTryWithCallerStacktrace(Utils.scala:1407)
	at org.apache.spark.util.Utils$.getTryWithCallerStacktrace(Utils.scala:1457)
	at org.apache.spark.util.LazyTry.get(LazyTry.scala:61)
	at org.apache.spark.sql.execution.QueryExecution.$anonfun$commandExecuted$1(QueryExecution.scala:224)
	at org.apache.spark.sql.execution.QueryExecution.withAbortTransactionOnFailure(QueryExecution.scala:632)
	at org.apache.spark.sql.execution.QueryExecution.commandExecuted(QueryExecution.scala:224)
	at org.apache.spark.sql.execution.QueryExecution.assertCommandExecuted(QueryExecution.scala:309)
	at org.apache.spark.sql.classic.DataFrameWriter.runCommand(DataFrameWriter.scala:615)
	at org.apache.spark.sql.classic.DataFrameWriter.save(DataFrameWriter.scala:126)
	at java.base/jdk.internal.reflect.NativeMethodAccessorImpl.invoke0(Native Method)
	at java.base/jdk.internal.reflect.NativeMethodAccessorImpl.invoke(NativeMethodAccessorImpl.java:77)
	at java.base/jdk.internal.reflect.DelegatingMethodAccessorImpl.invoke(DelegatingMethodAccessorImpl.java:43)
	at java.base/java.lang.reflect.Method.invoke(Method.java:569)
	at py4j.reflection.MethodInvoker.invoke(MethodInvoker.java:244)
	at py4j.reflection.ReflectionEngine.invoke(ReflectionEngine.java:374)
	at py4j.Gateway.invoke(Gateway.java:282)
	at py4j.commands.AbstractCommand.invokeMethod(AbstractCommand.java:132)
	at py4j.commands.CallCommand.execute(CallCommand.java:79)
	at py4j.ClientServerConnection.waitForCommands(ClientServerConnection.java:184)
	at py4j.ClientServerConnection.run(ClientServerConnection.java:108)
	at java.base/java.lang.Thread.run(Thread.java:840)

[2026-08-14T10:37:58.669+0000] {local_task_job_runner.py:266} INFO - Task exited with return code 1
[2026-08-14T10:37:58.690+0000] {taskinstance.py:3895} INFO - 0 downstream tasks scheduled from follow-on schedule check
[2026-08-14T10:37:58.691+0000] {local_task_job_runner.py:245} INFO - ::endgroup::
