[2026-08-17T23:34:08.315+0000] {local_task_job_runner.py:123} INFO - ::group::Pre task execution logs
[2026-08-17T23:34:08.324+0000] {taskinstance.py:2613} INFO - Dependencies all met for dep_context=non-requeueable deps ti=<TaskInstance: weather_ingestion.produce_weather scheduled__2026-08-17T22:00:00+00:00 [queued]>
[2026-08-17T23:34:08.327+0000] {taskinstance.py:2613} INFO - Dependencies all met for dep_context=requeueable deps ti=<TaskInstance: weather_ingestion.produce_weather scheduled__2026-08-17T22:00:00+00:00 [queued]>
[2026-08-17T23:34:08.327+0000] {taskinstance.py:2866} INFO - Starting attempt 3 of 4
[2026-08-17T23:34:08.331+0000] {taskinstance.py:2889} INFO - Executing <Task(PythonOperator): produce_weather> on 2026-08-17 22:00:00+00:00
[2026-08-17T23:34:08.334+0000] {standard_task_runner.py:72} INFO - Started process 7453 to run task
[2026-08-17T23:34:08.336+0000] {standard_task_runner.py:104} INFO - Running: ['***', 'tasks', 'run', 'weather_ingestion', 'produce_weather', 'scheduled__2026-08-17T22:00:00+00:00', '--job-id', '70', '--raw', '--subdir', 'DAGS_FOLDER/weather_dag.py', '--cfg-path', '/tmp/tmpq_ioehsv']
[2026-08-17T23:34:08.337+0000] {standard_task_runner.py:105} INFO - Job 70: Subtask produce_weather
[2026-08-17T23:34:08.360+0000] {task_command.py:467} INFO - Running <TaskInstance: weather_ingestion.produce_weather scheduled__2026-08-17T22:00:00+00:00 [running]> on host 827737eaffc5
[2026-08-17T23:34:08.393+0000] {taskinstance.py:3132} INFO - Exporting env vars: AIRFLOW_CTX_DAG_OWNER='***' AIRFLOW_CTX_DAG_ID='weather_ingestion' AIRFLOW_CTX_TASK_ID='produce_weather' AIRFLOW_CTX_EXECUTION_DATE='2026-08-17T22:00:00+00:00' AIRFLOW_CTX_TRY_NUMBER='3' AIRFLOW_CTX_DAG_RUN_ID='scheduled__2026-08-17T22:00:00+00:00'
[2026-08-17T23:34:08.394+0000] {taskinstance.py:731} INFO - ::endgroup::
[2026-08-17T23:34:17.183+0000] {logging_mixin.py:190} INFO - Fetched: {'city': 'Taipei', 'observed_at': '2026-08-17T23:30', 'temperature_c': 28.7, 'humidity_pct': 81, 'wind_speed_kmh': 16.3, 'weather_code': 2}
[2026-08-17T23:53:04.287+0000] {job.py:229} INFO - Heartbeat recovered after 1019.76 seconds
[2026-08-17T23:56:36.498+0000] {job.py:229} INFO - Heartbeat recovered after 65.91 seconds
[2026-08-17T23:57:13.410+0000] {logging_mixin.py:190} INFO - Delivery failed: KafkaError{code=_MSG_TIMED_OUT,val=-192,str="Local: Message timed out"}
[2026-08-17T23:57:13.418+0000] {python.py:240} INFO - Done. Returned value was: None
[2026-08-17T23:57:13.461+0000] {taskinstance.py:340} INFO - ::group::Post task execution logs
[2026-08-17T23:57:13.462+0000] {taskinstance.py:352} INFO - Marking task as SUCCESS. dag_id=weather_ingestion, task_id=produce_weather, run_id=scheduled__2026-08-17T22:00:00+00:00, execution_date=20260817T220000, start_date=20260817T233408, end_date=20260817T235713
[2026-08-17T23:57:13.505+0000] {local_task_job_runner.py:266} INFO - Task exited with return code 0
[2026-08-17T23:57:13.530+0000] {taskinstance.py:3895} INFO - 1 downstream tasks scheduled from follow-on schedule check
[2026-08-17T23:57:13.531+0000] {local_task_job_runner.py:245} INFO - ::endgroup::
