[2026-08-17T21:08:51.095+0000] {local_task_job_runner.py:123} INFO - ::group::Pre task execution logs
[2026-08-17T21:08:51.104+0000] {taskinstance.py:2613} INFO - Dependencies all met for dep_context=non-requeueable deps ti=<TaskInstance: weather_ingestion.produce_weather scheduled__2026-08-17T20:00:00+00:00 [queued]>
[2026-08-17T21:08:51.108+0000] {taskinstance.py:2613} INFO - Dependencies all met for dep_context=requeueable deps ti=<TaskInstance: weather_ingestion.produce_weather scheduled__2026-08-17T20:00:00+00:00 [queued]>
[2026-08-17T21:08:51.109+0000] {taskinstance.py:2866} INFO - Starting attempt 2 of 4
[2026-08-17T21:08:51.114+0000] {taskinstance.py:2889} INFO - Executing <Task(PythonOperator): produce_weather> on 2026-08-17 20:00:00+00:00
[2026-08-17T21:08:51.117+0000] {standard_task_runner.py:72} INFO - Started process 7196 to run task
[2026-08-17T21:08:51.119+0000] {standard_task_runner.py:104} INFO - Running: ['***', 'tasks', 'run', 'weather_ingestion', 'produce_weather', 'scheduled__2026-08-17T20:00:00+00:00', '--job-id', '61', '--raw', '--subdir', 'DAGS_FOLDER/weather_dag.py', '--cfg-path', '/tmp/tmpbxumgi7q']
[2026-08-17T21:08:51.121+0000] {standard_task_runner.py:105} INFO - Job 61: Subtask produce_weather
[2026-08-17T21:08:51.159+0000] {task_command.py:467} INFO - Running <TaskInstance: weather_ingestion.produce_weather scheduled__2026-08-17T20:00:00+00:00 [running]> on host 827737eaffc5
[2026-08-17T21:08:51.226+0000] {taskinstance.py:3132} INFO - Exporting env vars: AIRFLOW_CTX_DAG_OWNER='***' AIRFLOW_CTX_DAG_ID='weather_ingestion' AIRFLOW_CTX_TASK_ID='produce_weather' AIRFLOW_CTX_EXECUTION_DATE='2026-08-17T20:00:00+00:00' AIRFLOW_CTX_TRY_NUMBER='2' AIRFLOW_CTX_DAG_RUN_ID='scheduled__2026-08-17T20:00:00+00:00'
[2026-08-17T21:08:51.227+0000] {taskinstance.py:731} INFO - ::endgroup::
[2026-08-17T21:08:52.813+0000] {logging_mixin.py:190} INFO - Fetched: {'city': 'Taipei', 'observed_at': '2026-08-17T21:00', 'temperature_c': 26.8, 'humidity_pct': 88, 'wind_speed_kmh': 12.5, 'weather_code': 2}
[2026-08-17T21:25:44.414+0000] {job.py:229} INFO - Heartbeat recovered after 967.74 seconds
[2026-08-17T21:25:49.483+0000] {local_task_job_runner.py:346} WARNING - State of this instance has been externally set to up_for_retry. Terminating instance.
[2026-08-17T21:25:49.484+0000] {local_task_job_runner.py:245} INFO - ::endgroup::
[2026-08-17T21:25:49.488+0000] {process_utils.py:132} INFO - Sending 15 to group 7196. PIDs of all processes in the group: [7196]
[2026-08-17T21:25:49.488+0000] {process_utils.py:87} INFO - Sending the signal 15 to group 7196
[2026-08-17T21:25:49.615+0000] {taskinstance.py:3093} ERROR - Received SIGTERM. Terminating subprocesses.
[2026-08-17T21:25:49.698+0000] {taskinstance.py:3311} ERROR - Task failed with exception
Traceback (most recent call last):
  File "/home/airflow/.local/lib/python3.11/site-packages/airflow/models/taskinstance.py", line 767, in _execute_task
    result = _execute_callable(context=context, **execute_callable_kwargs)
             ^^^^^^^^^^^^^^^^^^^^^^^^^^^^^^^^^^^^^^^^^^^^^^^^^^^^^^^^^^^^^
  File "/home/airflow/.local/lib/python3.11/site-packages/airflow/models/taskinstance.py", line 733, in _execute_callable
    return ExecutionCallableRunner(
           ^^^^^^^^^^^^^^^^^^^^^^^^
  File "/home/airflow/.local/lib/python3.11/site-packages/airflow/utils/operator_helpers.py", line 252, in run
    return self.func(*args, **kwargs)
           ^^^^^^^^^^^^^^^^^^^^^^^^^^
  File "/home/airflow/.local/lib/python3.11/site-packages/airflow/models/baseoperator.py", line 422, in wrapper
    return func(self, *args, **kwargs)
           ^^^^^^^^^^^^^^^^^^^^^^^^^^^
  File "/home/airflow/.local/lib/python3.11/site-packages/airflow/operators/python.py", line 238, in execute
    return_value = self.execute_callable()
                   ^^^^^^^^^^^^^^^^^^^^^^^
  File "/home/airflow/.local/lib/python3.11/site-packages/airflow/operators/python.py", line 256, in execute_callable
    return runner.run(*self.op_args, **self.op_kwargs)
           ^^^^^^^^^^^^^^^^^^^^^^^^^^^^^^^^^^^^^^^^^^^
  File "/home/airflow/.local/lib/python3.11/site-packages/airflow/utils/operator_helpers.py", line 252, in run
    return self.func(*args, **kwargs)
           ^^^^^^^^^^^^^^^^^^^^^^^^^^
  File "/opt/airflow/dags/weather_dag.py", line 21, in run_produce
    produce_main()
  File "/opt/airflow/kafka/scripts/producer_weather.py", line 29, in main
    producer.flush()
  File "/home/airflow/.local/lib/python3.11/site-packages/airflow/models/taskinstance.py", line 3095, in signal_handler
    raise AirflowTaskTerminated("Task received SIGTERM signal")
airflow.exceptions.AirflowTaskTerminated: Task received SIGTERM signal
[2026-08-17T21:25:49.706+0000] {taskinstance.py:1225} INFO - Marking task as UP_FOR_RETRY. dag_id=weather_ingestion, task_id=produce_weather, run_id=scheduled__2026-08-17T20:00:00+00:00, execution_date=20260817T200000, start_date=20260817T210851, end_date=20260817T212549
[2026-08-17T21:25:49.719+0000] {taskinstance.py:340} INFO - ::group::Post task execution logs
[2026-08-17T21:25:49.757+0000] {process_utils.py:80} INFO - Process psutil.Process(pid=7196, status='terminated', exitcode=2, started='21:08:51') (7196) terminated with exit code 2
